
-------------------------------------------------------------------------
|    ___ _   _ ___                                                      |
|   / __| | | |_  )   Release 8.4.0 "Harrier"                           |
|   \__ \ |_| |/ /                                                      |
|   |___/\___//___|   Suite (Computational Fluid Dynamics Code)         |
|                                                                       |
-------------------------------------------------------------------------
| SU2 Project Website: https://su2code.github.io                        |
|                                                                       |
| The SU2 Project is maintained by the SU2 Foundation                   |
| (http://su2foundation.org)                                            |
-------------------------------------------------------------------------
| Copyright 2012-2026, SU2 Contributors                                 |
|                                                                       |
| SU2 is free software; you can redistribute it and/or                  |
| modify it under the terms of the GNU Lesser General Public            |
| License as published by the Free Software Foundation; either          |
| version 2.1 of the License, or (at your option) any later version.    |
|                                                                       |
| SU2 is distributed in the hope that it will be useful,                |
| but WITHOUT ANY WARRANTY; without even the implied warranty of        |
| MERCHANTABILITY or FITNESS FOR A PARTICULAR PURPOSE. See the GNU      |
| Lesser General Public License for more details.                       |
|                                                                       |
| You should have received a copy of the GNU Lesser General Public      |
| License along with SU2. If not, see <http://www.gnu.org/licenses/>.   |
-------------------------------------------------------------------------

Parsing config file for zone 0

----------------- Physical Case Definition ( Zone 0 ) -------------------
Incompressible RANS equations.
Turbulence model: Menter's k-omega SST-2003m with no production modification
using default hard coded lower limit clipping.
Transition model: Langtry and Menter's 4 equation model (2009)
Correlation Functions: Menter and Langtry (2009)
Hybrid RANS/LES: No Hybrid RANS/LES
No restart solution, use the values at infinity (freestream).
Non-Dimensional simulation using intialization values.
The reference area is 1 m^2.
The semi-span will be computed using the max y(3D) value.
The reference length is 1 m.
Reference origin for moment evaluation is (0.25, 0, 0).
Surface(s) where the force coefficients are evaluated: airfoil.

Surface(s) plotted in the output file: airfoil.
Input mesh file name: airfoil.su2

--------------- Space Numerical Integration ( Zone 0 ) ------------------
Flux difference splitting (FDS) upwind scheme for the flow inviscid terms.
Second order integration in space, with slope limiter.
Venkatakrishnan-Wang slope-limiting method, with constant: 0.05.
Average of gradients with correction (viscous flow terms).
Average of gradients with correction (viscous turbulence terms).
Gradient for upwind reconstruction: unweighted Least-Squares.
Gradient for viscous and source terms: inverse-distance weighted Least-Squares.

--------------- Time Numerical Integration  ( Zone 0 ) ------------------
Local time stepping (steady state simulation).
Euler implicit method for the flow equations.
FGMRES is used for solving the linear system.
Using a ILU(0) preconditioning.
Convergence criteria of the linear solver: 1e-06.
Max number of linear iterations: 10.
CFL adaptation. Factor down: 0.5, factor up: 1.2,
                lower limit: 1.5, upper limit: 50,
                acceptable linear residual: 0.001'
                starting iteration: 0.
Courant-Friedrichs-Lewy number:      1.5
Euler implicit time integration for the turbulence model.

------------------ Convergence Criteria  ( Zone 0 ) ---------------------
Maximum number of solver subiterations: 100.
Begin convergence monitoring at iteration 10.
Residual minimum value: 1e-14.
Cauchy series min. value: 1e-06.
Number of Cauchy elements: 50.
Begin windowed time average at iteration 0.

-------------------- Output Information ( Zone 0 ) ----------------------
File writing frequency: 
+------------------------------------+
|                     File| Frequency|
+------------------------------------+
|                  RESTART|       100|
|                 PARAVIEW|       100|
|              SURFACE_CSV|       100|
+------------------------------------+
Writing the convergence history file every 1 inner iterations.
Writing the screen convergence history every 1 inner iterations.
The tabular file format is CSV (.csv).
Convergence history file name: history.
Forces breakdown file name: forces_breakdown.dat.
Surface file name: surface_flow.
Volume file name: flow.
Restart file name: restart_flow.

------------- Config File Boundary Information ( Zone 0 ) ---------------
+-----------------------------------------------------------------------+
|                        Marker Type|                        Marker Name|
+-----------------------------------------------------------------------+
|                          Far-field|                           farfield|
+-----------------------------------------------------------------------+
|                     Heat flux wall|                            airfoil|
+-----------------------------------------------------------------------+

-------------------- Output Preprocessing ( Zone 0 ) --------------------

WARNING: SURFACE_PRESSURE_DROP can only be computed for at least 2 surfaces (outlet, inlet, ...)

Screen output fields: INNER_ITER, RMS_PRESSURE, RMS_VELOCITY-X, RMS_VELOCITY-Y, RMS_TKE, RMS_DISSIPATION, RMS_INTERMITTENCY, RMS_RE_THETA_T, REFERENCE_FORCE, DRAG, LIFT, SIDEFORCE, MOMENT_X, MOMENT_Y, MOMENT_Z, FORCE_X, FORCE_Y, FORCE_Z, EFFICIENCY
History output group(s): INNER_ITER, RMS_RES, AERO_COEFF
Convergence field(s): LIFT
Warning: No (valid) fields chosen for time convergence monitoring. Time convergence monitoring inactive.
Volume output fields: COORDINATES, SOLUTION, PRIMITIVE

------------------- Geometry Preprocessing ( Zone 0 ) -------------------
Two dimensional problem.
11249 grid points.
11249 volume elements.
2 surface markers.
359 boundary elements in index 0 (Marker = airfoil).
120 boundary elements in index 1 (Marker = farfield).
479 triangles.
10770 quadrilaterals.
Setting point connectivity.
Renumbering points (Reverse Cuthill McKee Ordering).
Recomputing point connectivity.
Setting element connectivity.
Checking the numerical grid orientation.
There has been a re-orientation of 479 TRIANGLE volume elements.
There has been a re-orientation of 10770 QUADRILATERAL volume elements.
There has been a re-orientation of 359 LINE surface elements.
Identifying edges and vertices.
Setting the control volume structure.
Area of the computational grid: 1255.97.
Searching for the closest normal neighbors to the surfaces.
Storing a mapping from global to local point index.
Compute the surface curvature.
Max K: 666.278. Mean K: 5.67135. Standard deviation K: 43.6355.
Checking for periodicity.
Computing mesh quality statistics for the dual control volumes.
+--------------------------------------------------------------+
|           Mesh Quality Metric|        Minimum|        Maximum|
+--------------------------------------------------------------+
|    Orthogonality Angle (deg.)|        52.8374|             90|
|     CV Face Area Aspect Ratio|        1.00127|        31694.8|
|           CV Sub-Volume Ratio|        1.00012|    1.07743e+07|
+--------------------------------------------------------------+
Finding max control volume width.
Wetted area = 2.05876 m.
Area projection in the x-plane = 0.154703 m, y-plane = 0.999961 m.
Max. coordinate in the x-direction = 1 m, y-direction = 0.10659 m.
Min. coordinate in the x-direction = 0 m, y-direction = -0.0481257 m.
Computing wall distances.

-------------------- Solver Preprocessing ( Zone 0 ) --------------------
Incompressible flow: rho_ref, vel_ref, and temp_ref
are based on the initial values, p_ref = rho_ref*vel_ref^2.
Force coefficients computed using initial values.
The reference area for force coeffs. is 1 m^2.
The reference length for force coeffs. is 1 m.
The pressure is decomposed into thermodynamic and dynamic components.
The initial value of the dynamic pressure is 0.
Mach number: 0.00293713, computed using the Bulk modulus.
For external flows, the initial state is imposed at the far-field.
Angle of attack (deg): 4, computed using the initial velocity.
Side slip angle (deg): 0, computed using the initial velocity.
Reynolds number per meter: 100000, computed using initial values.
Reynolds number is a byproduct of inputs only (not used internally).
SI units only. The grid should be dimensional (meters).
No energy equation.

-- Models:
+------------------------------------------------------------------------------+
|          Viscosity Model|        Conductivity Model|              Fluid Model|
+------------------------------------------------------------------------------+
|       CONSTANT_VISCOSITY|          CONSTANT_PRANDTL|         CONSTANT_DENSITY|
+------------------------------------------------------------------------------+
-- Fluid properties:
+------------------------------------------------------------------------------+
|                  Name|    Dim. value|    Ref. value|      Unit|Non-dim. value|
+------------------------------------------------------------------------------+
|             Viscosity|     1.225e-05|         1.225|   N.s/m^2|         1e-05|
+------------------------------------------------------------------------------+
|        Prandtl (Lam.)|             -|             -|         -|          0.72|
|       Prandtl (Turb.)|             -|             -|         -|           0.9|
+------------------------------------------------------------------------------+
|          Bulk Modulus|        142000|             1|        Pa|        142000|
+------------------------------------------------------------------------------+
-- Initial and free-stream conditions:
+------------------------------------------------------------------------------+
|                  Name|    Dim. value|    Ref. value|      Unit|Non-dim. value|
+------------------------------------------------------------------------------+
|      Dynamic Pressure|             0|         1.225|        Pa|             0|
|        Total Pressure|        0.6125|         1.225|        Pa|           0.5|
|               Density|         1.225|         1.225|    kg/m^3|             1|
|            Velocity-X|      0.997564|             1|       m/s|      0.997564|
|            Velocity-Y|     0.0697565|             1|       m/s|     0.0697565|
|    Velocity Magnitude|             1|             1|       m/s|             1|
+------------------------------------------------------------------------------+
|             Viscosity|     1.225e-05|         1.225|   N.s/m^2|         1e-05|
|          Conductivity|             -|    0.00425126|   W/m^2.K|             -|
|     Turb. Kin. Energy|       1.5e-06|             1|   m^2/s^2|       1.5e-06|
|     Spec. Dissipation|          0.03|             1|       1/s|          0.03|
+------------------------------------------------------------------------------+
|           Mach Number|             -|             -|         -|    0.00293713|
|       Reynolds Number|             -|             -|         -|        100000|
+------------------------------------------------------------------------------+
Initialize Jacobian structure (Navier-Stokes). MG level: 0.
Initialize Jacobian structure (SST model).
Initialize Jacobian structure (LM transition model).

------------------- Numerics Preprocessing ( Zone 0 ) -------------------

----------------- Integration Preprocessing ( Zone 0 ) ------------------

------------------- Iteration Preprocessing ( Zone 0 ) ------------------
Euler/Navier-Stokes/RANS fluid iteration.

------------------------------ Begin Solver -----------------------------

Simulation Run using the Single-zone Driver
+------------------------------------------------------------------------------------------------------------------------------------------------------------------------------------------------------------------------------------------------------+
|  Inner_Iter|      rms[P]|      rms[U]|      rms[V]|      rms[k]|      rms[w]|   rms[LM_1]|   rms[LM_2]|    RefForce|          CD|          CL|         CSF|         CMx|         CMy|         CMz|         CFx|         CFy|         CFz|        CEff|
+------------------------------------------------------------------------------------------------------------------------------------------------------------------------------------------------------------------------------------------------------+
|           0|   -3.680321|  -15.788990|  -16.930905|   -8.488949|   -4.232002|   -3.633495|   -0.741767|    0.500000|    0.380178|    0.203536|    0.000000|    0.000000|    0.000000|    0.108370|    0.365054|    0.229560|    0.000000|    0.535370|
|           1|   -3.832845|   -3.659723|   -3.724663|   -8.494325|    1.285919|   -3.913038|   -0.811213|    0.500000|    0.490500|    0.376726|    0.000000|    0.000000|    0.000000|    0.203265|    0.463026|    0.410024|    0.000000|    0.768044|
|           2|   -3.919982|   -3.752590|   -3.740341|   -8.500707|    1.197005|   -2.895045|   -0.732329|    0.500000|    0.567968|    0.514706|    0.000000|    0.000000|    0.000000|    0.273421|    0.530681|    0.553071|    0.000000|    0.906222|
|           3|   -3.974709|   -3.816640|   -3.735573|   -8.507246|    1.129773|   -2.929640|   -0.648238|    0.500000|    0.616543|    0.608168|    0.000000|    0.000000|    0.000000|    0.318086|    0.572617|    0.649694|    0.000000|    0.986417|
|           4|   -4.004126|   -3.868812|   -3.743141|   -8.513880|    1.098420|   -3.147569|   -0.452831|    0.500000|    0.638425|    0.656250|    0.000000|    0.000000|    0.000000|    0.337885|    0.591092|    0.699185|    0.000000|    1.027920|
|           5|   -4.024139|   -3.905212|   -3.764907|   -8.520739|    1.094988|   -3.323865|    0.370790|    0.500000|    0.638737|    0.662560|    0.000000|    0.000000|    0.000000|    0.336057|    0.590963|    0.705502|    0.000000|    1.037297|
|           6|   -4.052811|   -3.936447|   -3.797552|   -8.528164|    1.099070|   -3.459206|    1.229202|    0.500000|    0.625332|    0.637836|    0.000000|    0.000000|    0.000000|    0.319126|    0.579315|    0.679903|    0.000000|    1.019995|
|           7|   -4.099837|   -3.976173|   -3.841633|   -8.534679|    1.092154|   -3.548082|    1.736264|    0.500000|    0.606082|    0.594599|    0.000000|    0.000000|    0.000000|    0.295507|    0.563128|    0.635429|    0.000000|    0.981054|
|           8|   -4.163479|   -4.030777|   -3.895895|   -8.138324|    1.081671|   -3.336273|    2.169606|    0.500000|    0.587942|    0.550292|    0.000000|    0.000000|    0.000000|    0.273107|    0.548123|    0.589964|    0.000000|    0.935963|
|           9|   -4.227899|   -4.083033|   -3.948209|   -7.975525|    1.072778|   -2.706623|    2.455335|    0.500000|    0.575927|    0.520448|    0.000000|    0.000000|    0.000000|    0.258456|    0.538219|    0.559355|    0.000000|    0.903671|
|          10|   -4.203444|   -3.967694|   -3.897800|   -7.962068|    1.067297|   -2.177225|    2.680209|    0.500000|    0.570584|    0.509637|    0.000000|    0.000000|    0.000000|    0.253576|    0.533643|    0.548198|    0.000000|    0.893186|
|          11|   -3.834764|   -3.490778|   -3.461871|   -7.976416|    1.066804|   -1.772145|    2.702008|    0.500000|    0.569722|    0.514382|    0.000000|    0.000000|    0.000000|    0.256477|    0.532453|    0.552870|    0.000000|    0.902864|
|          12|   -3.354983|   -2.995837|   -2.935059|   -7.945449|    1.069357|   -0.704125|    2.533321|    0.500000|    0.570504|    0.528448|    0.000000|    0.000000|    0.000000|    0.264018|    0.532252|    0.566957|    0.000000|    0.926282|
|          13|   -2.950392|   -2.592844|   -2.490880|   -7.702591|    1.071435|   -0.177187|    2.319492|    0.500000|    0.570748|    0.545302|    0.000000|    0.000000|    0.000000|    0.273288|    0.531320|    0.583787|    0.000000|    0.955416|
|          14|   -2.647033|   -2.306393|   -2.156465|   -7.166820|    1.075283|    0.115182|    2.282899|    0.500000|    0.567972|    0.560976|    0.000000|    0.000000|    0.000000|    0.282081|    0.527456|    0.599229|    0.000000|    0.987682|
|          15|   -2.473217|   -2.178352|   -1.971093|   -6.784849|    1.088441|    0.168238|    2.352440|    0.500000|    0.559944|    0.574007|    0.000000|    0.000000|    0.000000|    0.289218|    0.518539|    0.611668|    0.000000|    1.025115|
|          16|   -2.466057|   -2.211363|   -1.987385|   -6.442898|    1.138641|    0.560067|    2.185352|    0.500000|    0.545164|    0.584416|    0.000000|    0.000000|    0.000000|    0.294208|    0.503070|    0.621021|    0.000000|    1.072000|
|          17|   -2.517294|   -2.240890|   -2.077957|   -6.129109|    1.284338|    0.921232|    2.326252|    0.500000|    0.523293|    0.592600|    0.000000|    0.000000|    0.000000|    0.296812|    0.480680|    0.627660|    0.000000|    1.132445|
|          18|   -2.540133|   -2.207157|   -2.083876|   -5.808801|    1.430211|    0.944027|    2.197194|    0.500000|    0.495817|    0.598440|    0.000000|    0.000000|    0.000000|    0.296803|    0.452864|    0.631568|    0.000000|    1.206977|
|          19|   -2.519706|   -2.148043|   -2.008727|   -5.468692|    1.420534|    0.839987|    2.154361|    0.500000|    0.462709|    0.603048|    0.000000|    0.000000|    0.000000|    0.294460|    0.419515|    0.633856|    0.000000|    1.303298|
|          20|   -2.484046|   -2.106417|   -1.966297|   -4.964286|    1.286305|    0.521517|    2.219183|    0.500000|    0.431283|    0.608970|    0.000000|    0.000000|    0.000000|    0.291360|    0.387753|    0.637571|    0.000000|    1.411995|
|          21|   -2.440624|   -2.068167|   -1.929112|   -4.571321|    1.209824|    0.138408|    2.280738|    0.500000|    0.411843|    0.620848|    0.000000|    0.000000|    0.000000|    0.290465|    0.367532|    0.648064|    0.000000|    1.507485|
|          22|   -2.398741|   -2.031407|   -1.900035|   -4.176925|    1.321604|   -0.104548|    2.312523|    0.500000|    0.411248|    0.641981|    0.000000|    0.000000|    0.000000|    0.294131|    0.365464|    0.669104|    0.000000|    1.561055|
|          23|   -2.366964|   -2.000599|   -1.879641|   -3.791506|    1.482424|   -0.270586|    2.436149|    0.500000|    0.427775|    0.670853|    0.000000|    0.000000|    0.000000|    0.302344|    0.379937|    0.699059|    0.000000|    1.568238|
|          24|   -2.361264|   -1.987513|   -1.874036|   -3.401532|    1.658689|   -0.394336|    2.578273|    0.500000|    0.451152|    0.702629|    0.000000|    0.000000|    0.000000|    0.312640|    0.401041|    0.732388|    0.000000|    1.557409|
|          25|   -2.380601|   -1.997458|   -1.905522|   -3.019146|    1.838587|   -0.480925|    2.707370|    0.500000|    0.470188|    0.732252|    0.000000|    0.000000|    0.000000|    0.322097|    0.417963|    0.763267|    0.000000|    1.557361|
|          26|   -2.413688|   -2.015381|   -1.958007|   -2.696750|    1.956770|   -0.552069|    2.845999|    0.500000|    0.480132|    0.756777|    0.000000|    0.000000|    0.000000|    0.329302|    0.426172|    0.788426|    0.000000|    1.576185|
|          27|   -2.443560|   -2.028350|   -2.002673|   -2.438876|    2.017625|   -0.594370|    2.978260|    0.500000|    0.482368|    0.775687|    0.000000|    0.000000|    0.000000|    0.334270|    0.427083|    0.807446|    0.000000|    1.608083|
|          28|   -2.461357|   -2.033861|   -2.029112|   -2.185909|    2.052711|   -0.382795|    3.040321|    0.500000|    0.480483|    0.790284|    0.000000|    0.000000|    0.000000|    0.337755|    0.424185|    0.821876|    0.000000|    1.644770|
|          29|   -2.470240|   -2.034717|   -2.040158|   -1.939484|    1.998726|    0.060879|    3.044979|    0.500000|    0.477373|    0.802725|    0.000000|    0.000000|    0.000000|    0.340634|    0.420215|    0.834070|    0.000000|    1.681548|
|          30|   -2.473916|   -2.033842|   -2.043977|   -1.694006|    1.910709|    0.310499|    3.033869|    0.500000|    0.474511|    0.814990|    0.000000|    0.000000|    0.000000|    0.343566|    0.416504|    0.846104|    0.000000|    1.717536|
|          31|   -2.476294|   -2.032126|   -2.046197|   -1.452430|    1.837795|    0.265994|    3.004959|    0.500000|    0.472287|    0.828166|    0.000000|    0.000000|    0.000000|    0.346826|    0.413367|    0.859094|    0.000000|    1.753523|
|          32|   -2.478774|   -2.031371|   -2.052701|   -1.349572|    1.738212|    0.206683|    2.965791|    0.500000|    0.470583|    0.842183|    0.000000|    0.000000|    0.000000|    0.350306|    0.410689|    0.872958|    0.000000|    1.789658|
|          33|   -2.483983|   -2.022026|   -2.058310|   -1.239525|    1.615879|   -0.065487|    2.900358|    0.500000|    0.469199|    0.856451|    0.000000|    0.000000|    0.000000|    0.353723|    0.408313|    0.887094|    0.000000|    1.825348|
|          34|   -2.493892|   -1.917519|   -2.039535|   -1.206956|    1.472891|   -0.242718|    2.823734|    0.500000|    0.468022|    0.870376|    0.000000|    0.000000|    0.000000|    0.356795|    0.406167|    0.900904|    0.000000|    1.859692|
|          35|   -2.510649|   -1.005588|   -0.429144|   -1.028677|    1.559289|   -0.325328|    3.198628|    0.500000|    0.466702|    0.881960|    0.000000|    0.000000|    0.000000|    0.359850|    0.404043|    0.912367|    0.000000|    1.889771|
|          36|   -1.859472|   -1.126601|   -0.796560|   -1.186647|    1.416444|    0.627307|    3.118180|    0.500000|    0.465412|    0.892004|    0.000000|    0.000000|    0.000000|    0.363295|    0.402055|    0.922297|    0.000000|    1.916591|
|          37|   -2.095118|   -1.203087|   -0.945295|   -1.149903|    1.268277|   -0.201809|    3.027028|    0.500000|    0.464304|    0.902370|    0.000000|    0.000000|    0.000000|    0.366738|    0.400227|    0.932560|    0.000000|    1.943488|
|          38|   -2.226754|   -1.530294|   -1.300031|   -1.087053|    1.251366|   -0.203898|    2.890507|    0.500000|    0.464063|    0.913489|    0.000000|    0.000000|    0.000000|    0.369418|    0.399211|    0.943635|    0.000000|    1.968457|
|          39|   -2.332771|   -1.438126|   -1.451841|   -0.984130|    1.282287|   -0.378229|    2.819450|    0.500000|    0.465007|    0.925307|    0.000000|    0.000000|    0.000000|    0.370652|    0.399328|    0.955491|    0.000000|    1.989880|
|          40|   -2.395054|   -0.148981|   -0.191998|    0.213667|    2.729402|   -0.270710|    2.796727|    0.500000|    0.467132|    0.937543|    0.000000|    0.000000|    0.000000|    0.370335|    0.400595|    0.967844|    0.000000|    2.007018|
|          41|   -1.585512|   -0.209203|   -0.318819|    0.426532|    3.603630|   -0.287994|    2.871218|    0.500000|    0.519137|    0.996681|    0.000000|    0.000000|    0.000000|    0.380789|    0.448347|    1.030466|    0.000000|    1.919881|
|          42|   -1.664571|   -0.729112|   -0.434940|    0.600632|    3.639944|   -0.345224|    2.984687|    0.500000|    0.610854|    1.112964|    0.000000|    0.000000|    0.000000|    0.409855|    0.531730|    1.152864|    0.000000|    1.821980|
|          43|   -1.943505|    0.019285|   -0.041218|    0.997533|    3.458054|   -0.164683|    2.978088|    0.500000|    0.693053|    1.241596|    0.000000|    0.000000|    0.000000|    0.443970|    0.604755|    1.286917|    0.000000|    1.791488|
|          44|   -1.621363|   -0.176682|   -0.238145|    1.032499|    3.381384|   -0.037381|    2.991920|    0.500000|    0.796645|    1.408839|    0.000000|    0.000000|    0.000000|    0.489294|    0.696429|    1.460978|    0.000000|    1.768464|
|          45|   -1.816823|   -0.273377|   -0.265149|    1.090472|    3.234992|   -0.239157|    2.989338|    0.500000|    0.829194|    1.472501|    0.000000|    0.000000|    0.000000|    0.514038|    0.724458|    1.526756|    0.000000|    1.775822|
|          46|   -1.807167|   -0.228083|   -0.419788|    1.284953|    3.385685|   -0.164417|    2.986080|    0.500000|    0.830992|    1.474541|    0.000000|    0.000000|    0.000000|    0.535997|    0.726109|    1.528917|    0.000000|    1.774435|
|          47|   -1.849626|   -0.339706|   -0.553826|    1.269815|    3.331707|   -0.125287|    3.140153|    0.500000|    0.823343|    1.425932|    0.000000|    0.000000|    0.000000|    0.555921|    0.721869|    1.479892|    0.000000|    1.731882|
|          48|   -1.928648|   -0.269916|   -0.564629|    1.347333|    3.164161|   -0.074263|    3.159680|    0.500000|    0.835916|    1.353758|    0.000000|    0.000000|    0.000000|    0.578450|    0.739446|    1.408771|    0.000000|    1.619491|
|          49|   -1.917021|   -0.187217|   -0.456054|    1.394948|    2.981150|   -0.148473|    3.008106|    0.500000|    0.876262|    1.280326|    0.000000|    0.000000|    0.000000|    0.605782|    0.784817|    1.338332|    0.000000|    1.461122|
|          50|   -1.884790|   -0.015630|   -0.068612|    1.332516|    2.999955|   -0.131528|    3.058088|    0.500000|    0.936018|    1.209588|    0.000000|    0.000000|    0.000000|    0.634702|    0.849362|    1.271935|    0.000000|    1.292270|
|          51|   -1.656843|   -0.070791|    0.006572|    1.366202|    3.016980|    0.185577|    3.326002|    0.500000|    0.998259|    1.153542|    0.000000|    0.000000|    0.000000|    0.662379|    0.915360|    1.220368|    0.000000|    1.155554|
|          52|   -1.642101|    0.224241|    0.298791|    1.568176|    3.040044|    0.343837|    3.618573|    0.500000|    1.046036|    1.137612|    0.000000|    0.000000|    0.000000|    0.682331|    0.964132|    1.207808|    0.000000|    1.087546|
|          53|   -1.322708|    0.326066|    0.436248|    1.724979|    3.086355|    1.109541|    3.378252|    0.500000|    1.066333|    1.148442|    0.000000|    0.000000|    0.000000|    0.681804|    0.983624|    1.220028|    0.000000|    1.077001|
|          54|   -1.154824|    0.449435|    0.284641|    1.752166|    3.080150|    0.715185|    3.272094|    0.500000|    1.062940|    1.135442|    0.000000|    0.000000|    0.000000|    0.659558|    0.981146|    1.206824|    0.000000|    1.068209|
|          55|   -1.328553|    0.556759|    0.231215|    1.835444|    3.168463|    0.061198|    3.232085|    0.500000|    1.078076|    1.002050|    0.000000|    0.000000|    0.000000|    0.594090|    1.005550|    1.074812|    0.000000|    0.929480|
|          56|   -1.337744|    0.517654|    0.532397|    2.007199|    3.205324|   -0.245487|    3.226207|    0.500000|    1.159113|    0.713179|    0.000000|    0.000000|    0.000000|    0.475052|    1.106541|    0.792297|    0.000000|    0.615280|
|          57|   -1.357076|    0.471033|    0.696561|    2.158919|    3.218415|   -0.222928|    3.291236|    0.500000|    1.267829|    0.304971|    0.000000|    0.000000|    0.000000|    0.312008|    1.243467|    0.392668|    0.000000|    0.240546|
|          58|   -1.372838|    0.648884|    0.728970|    2.182090|    3.216281|   -0.244781|    3.316221|    0.500000|    1.337412|   -0.154506|    0.000000|    0.000000|    0.000000|    0.128033|    1.344932|   -0.060837|    0.000000|   -0.115526|
|          59|   -1.403343|    0.845131|    0.669742|    2.294821|    3.290702|   -0.194277|    3.319924|    0.500000|    1.334073|   -0.683230|    0.000000|    0.000000|    0.000000|   -0.049380|    1.378483|   -0.588506|    0.000000|   -0.512139|
|          60|   -1.426559|    0.890841|    0.754677|    2.311848|    3.330121|   -0.215948|    3.265842|    0.500000|    1.271821|   -1.232414|    0.000000|    0.000000|    0.000000|   -0.208806|    1.354692|   -1.140695|    0.000000|   -0.969016|
|          61|   -1.395912|    0.810686|    0.872223|    2.257240|    3.321382|   -0.213450|    3.187093|    0.500000|    1.178107|   -1.748343|    0.000000|    0.000000|    0.000000|   -0.354334|    1.297195|   -1.661904|    0.000000|   -1.484028|
|          62|   -1.331138|    0.818458|    0.914151|    2.155914|    3.319155|   -0.183582|    3.180476|    0.500000|    1.068173|   -2.225319|    0.000000|    0.000000|    0.000000|   -0.502932|    1.220801|   -2.145386|    0.000000|   -2.083294|
|          63|   -1.316225|    1.788237|    1.287251|    2.712129|    4.450642|    0.500488|    5.224214|    0.500000|    0.947562|   -2.663209|    0.000000|    0.000000|    0.000000|   -0.655755|    1.131030|   -2.590623|    0.000000|   -2.810591|
|          64|   -0.240470|    2.737676|    2.220093|    2.617410|    5.170668|    1.811864|    5.684343|    0.500000|    0.939628|   -6.552854|    0.000000|    0.000000|    0.000000|   -1.872941|    1.394443|   -6.471346|    0.000000|   -6.973882|
|          65|   -0.189935|    2.311373|    1.961835|    2.562679|    5.596788|    0.574904|    4.857472|    0.500000|    1.880600|  -17.377778|    0.000000|    0.000000|    0.000000|   -5.449787|    3.088231|  -17.204262|    0.000000|   -9.240549|
|          66|   -0.434976|    2.146106|    1.854988|    2.659990|    5.065395|    0.258533|    4.671489|    0.500000|    2.276280|  -28.402485|    0.000000|    0.000000|    0.000000|   -9.762082|    4.251992|  -28.174513|    0.000000|  -12.477591|
|          67|   -0.532091|    2.046012|    1.825425|    3.016172|    5.230323|   -0.063285|    4.994016|    0.500000|    1.258875|  -38.853426|    0.000000|    0.000000|    0.000000|  -14.884828|    3.966087|  -38.670966|    0.000000|  -30.863597|
|          68|   -0.439164|    2.007394|    1.821236|    3.403917|    5.455273|    0.391436|    4.880235|    0.500000|   -1.153524|  -49.005683|    0.000000|    0.000000|    0.000000|  -20.902078|    2.267749|  -48.966773|    0.000000|   42.483443|
|          69|   -0.488035|    1.987283|    1.807155|    3.529937|    5.340837|    0.076761|    4.733259|    0.500000|   -4.433162|  -59.299933|    0.000000|    0.000000|    0.000000|  -27.721678|   -0.285809|  -59.464723|    0.000000|   13.376443|
|          70|   -0.556642|    1.963374|    1.778816|    3.532846|    4.907657|    0.865314|    4.541676|    0.500000|   -8.300163|  -70.727969|    0.000000|    0.000000|    0.000000|  -35.712927|   -3.346211|  -71.134669|    0.000000|    8.521275|
|          71|   -0.591468|    1.934402|    1.744212|    3.539245|    4.700775|    0.942536|    4.389102|    0.500000|  -12.560111|  -83.980067|    0.000000|    0.000000|    0.000000|  -45.199211|   -6.671362|  -84.651645|    0.000000|    6.686252|
|          72|   -0.611538|    2.882284|    2.066190|    3.895917|    5.023499|    1.904898|    7.701031|    0.500000|   -6.470747|  -95.710717|    0.000000|    0.000000|    0.000000|  -53.290406|    0.221457|  -95.928947|    0.000000|   14.791293|
|          73|    0.069558|    3.313163|    2.812203|    3.782745|    6.497789|    2.719289|    6.539508|    0.500000|   89.824855| -168.886173|    0.000000|    0.000000|    0.000000|  -96.817902|  101.386950| -162.208910|    0.000000|   -1.880172|
|          74|    0.020264|    3.366971|    3.003907|    3.903406|    6.919605|    1.167330|    7.077663|    0.500000|  277.308765| -259.866482|    0.000000|    0.000000|    0.000000| -138.468827|  294.760623| -239.889380|    0.000000|   -0.937102|
|          75|    0.007032|    3.308031|    3.061391|    4.097018|    6.962143|    1.021812|    7.037921|    0.500000|  545.107999| -378.720071|    0.000000|    0.000000|    0.000000| -174.770308|  570.198319| -339.772718|    0.000000|   -0.694762|
|          76|   -0.008988|    3.258444|    3.082164|    4.373565|    6.627712|    1.324691|    6.726667|    0.500000|  851.969924| -528.995658|    0.000000|    0.000000|    0.000000| -195.819685|  886.795438| -468.276637|    0.000000|   -0.620909|
|          77|   -0.028608|    3.213089|    3.084852|    4.854899|    6.699254|    1.506003|    7.235267|    0.500000| 1161.685130| -705.863586|    0.000000|    0.000000|    0.000000| -192.957249| 1208.093875| -623.109084|    0.000000|   -0.607620|
|          78|   -0.054184|    3.171769|    3.080818|    5.270011|    6.948460|    1.640378|    7.240531|    0.500000| 1454.134256| -899.675490|    0.000000|    0.000000|    0.000000| -168.364595| 1513.350244| -796.048654|    0.000000|   -0.618702|
|          79|   -0.076676|    3.129315|    3.078164|    5.684191|    7.192745|    1.725469|    6.971213|    0.500000| 1719.834867|-1083.720463|    0.000000|    0.000000|    0.000000| -125.778542| 1791.241950| -961.110965|    0.000000|   -0.630131|
|          80|   -0.097463|    3.081489|    3.074839|    6.099629|    7.431640|    1.750485|    6.796580|    0.500000| 1951.774197|-1234.805646|    0.000000|    0.000000|    0.000000|  -76.391652| 2033.155457|-1095.648844|    0.000000|   -0.632658|
|          81|   -0.117173|    3.023844|    3.069677|    6.515177|    7.665517|    1.775685|    6.654215|    0.500000| 2152.121242|-1354.028951|    0.000000|    0.000000|    0.000000|  -40.079699| 2241.331063|-1200.606224|    0.000000|   -0.629160|
|          82|   -0.134917|    2.958278|    3.065837|    6.903321|    7.864563|    1.253084|    6.529061|    0.500000| 2323.689871|-1476.045165|    0.000000|    0.000000|    0.000000|  -42.935327| 2420.993180|-1310.357191|    0.000000|   -0.635216|
|          83|   -0.149866|    2.889711|    3.064168|    7.031784|    7.740091|    1.532449|    6.413102|    0.500000| 2472.133219|-1636.327595|    0.000000|    0.000000|    0.000000|  -96.993292| 2580.255664|-1459.894297|    0.000000|   -0.661909|
|          84|   -0.162065|    2.873471|    3.066498|    7.125207|    7.453436|    1.468436|    6.302076|    0.500000| 2604.230626|-1840.317411|    0.000000|    0.000000|    0.000000| -189.606592| 2726.260898|-1654.172555|    0.000000|   -0.706665|
|          85|   -0.171584|    3.010538|    3.073798|    7.163009|    6.622334|    1.266181|    6.193097|    0.500000| 2726.521826|-2063.587453|    0.000000|    0.000000|    0.000000| -291.237748| 2863.828733|-1868.368120|    0.000000|   -0.756857|
|          86|   -0.176811|    3.211657|    3.078497|    7.149868|    7.267169|    2.100574|    6.030749|    0.500000| 2845.462145|-2280.986843|    0.000000|    0.000000|    0.000000| -377.988655| 2997.644333|-2076.941079|    0.000000|   -0.801623|
|          87|   -0.177065|    3.359222|    3.095587|    7.024786|    7.324824|    1.701784|    5.813120|    0.500000| 2968.863754|-2470.815645|    0.000000|    0.000000|    0.000000| -432.938298| 3133.987129|-2257.699408|    0.000000|   -0.832243|
|          88|   -0.176019|    3.392429|    3.103856|    6.401567|    7.198361|    1.442085|    5.638376|    0.500000| 3107.353665|-2614.969808|    0.000000|    0.000000|    0.000000| -445.478218| 3282.195371|-2391.841851|    0.000000|   -0.841542|
|          89|   -0.173853|    3.403076|    3.126743|    6.557084|    6.986018|    1.621538|    5.319671|    0.500000| 3265.384546|-2714.126136|    0.000000|    0.000000|    0.000000| -419.030339| 3446.758093|-2479.732963|    0.000000|   -0.831181|
|          90|   -0.168813|    3.416703|    3.198979|    6.605056|    6.719241|    2.134019|    5.340227|    0.500000| 3438.560744|-2783.128345|    0.000000|    0.000000|    0.000000| -366.861420| 3624.325793|-2536.486926|    0.000000|   -0.809388|
|          91|   -0.145956|    3.304977|    3.187975|    6.931721|    6.532455|    1.824977|    5.307926|    0.500000| 3618.621933|-2828.133961|    0.000000|    0.000000|    0.000000| -297.237436| 3807.087794|-2568.822477|    0.000000|   -0.781550|
|          92|   -0.156598|    3.344118|    3.266108|    6.685641|    6.583937|    1.428394|    5.336508|    0.500000| 3811.484835|-2846.853620|    0.000000|    0.000000|    0.000000| -210.309201| 4000.786710|-2574.043100|    0.000000|   -0.746915|
|          93|   -0.109573|    3.254619|    3.199138|    6.826538|    6.684695|    1.654707|    6.335051|    0.500000| 3989.298040|-2823.586192|    0.000000|    0.000000|    0.000000| -103.250588| 4176.543717|-2538.428729|    0.000000|   -0.707790|
|          94|   -0.123213|    3.282841|    3.190922|    6.839888|    6.726353|    1.370468|    5.310800|    0.500000| 4172.473429|-2747.745213|    0.000000|    0.000000|    0.000000|   31.594662| 4353.982501|-2449.994827|    0.000000|   -0.658541|
|          95|   -0.096512|    3.320057|    3.187816|    6.786232|    6.809762|    1.461706|    5.207517|    0.500000| 4346.111211|-2609.657456|    0.000000|    0.000000|    0.000000|  198.849508| 4517.564796|-2300.131086|    0.000000|   -0.600458|
|          96|   -0.081920|    3.546649|    3.585631|    6.810434|    6.882488|    1.444245|    5.488911|    0.500000| 4511.337730|-2423.336608|    0.000000|    0.000000|    0.000000|  399.176028| 4669.391746|-2102.738488|    0.000000|   -0.537166|
|          97|    0.006378|    3.936963|    3.461383|    7.423780|    7.302936|    1.770447|    6.351653|    0.500000| 4661.421071|-2201.681405|    0.000000|    0.000000|    0.000000|  633.410112| 4803.647607|-1871.153941|    0.000000|   -0.472320|
|          98|    0.129290|    3.451271|    3.664944|    7.230522|    7.133398|    1.905337|    5.385810|    0.500000| 4790.713682|-1913.357642|    0.000000|    0.000000|    0.000000|  910.171918| 4912.512821|-1574.513524|    0.000000|   -0.399389|
|          99|    0.058864|    3.497279|    3.379557|    7.085051|    6.920973|    1.881283|    5.157500|    0.500000| 4891.827475|-1484.397472|    0.000000|    0.000000|    0.000000| 1240.414436| 4983.457558|-1139.544938|    0.000000|   -0.303444|

----------------------------- Solver Exit -------------------------------

Maximum number of iterations reached (ITER = 100) before convergence.
+-----------------------------------------------------------------------+
|      Convergence Field     |     Value    |   Criterion  |  Converged |
+-----------------------------------------------------------------------+
|                  Cauchy[CL]|      0.264528|       < 1e-06|          No|
+-----------------------------------------------------------------------+
-------------------------------------------------------------------------
+-----------------------------------------------------------------------+
|        File Writing Summary       |              Filename             |
+-----------------------------------------------------------------------+
|SU2 binary restart                 |restart_flow.dat                   |
|Paraview                           |flow.vtu                           |
|CSV file                           |surface_flow.csv                   |
+-----------------------------------------------------------------------+

--------------------------- Finalizing Solver ---------------------------
Deleted CNumerics container.
Deleted CIntegration container.
Deleted CSolver container.
Deleted CIteration container.
Deleted CInterface container.
Deleted CGeometry container.
Deleted CFreeFormDefBox class.
Deleted CSurfaceMovement class.
Deleted CVolumetricMovement class.
Deleted CConfig container.
Deleted nInst container.
Deleted COutput class.
-------------------------------------------------------------------------

------------------------- Exit Success (SU2_CFD) ------------------------

