2026-07-31 22:50:29 [INFO] aso_pde_optimizer: ============================================================
2026-07-31 22:50:29 [INFO] aso_pde_optimizer: PDE-Constrained Aerodynamic Shape Optimization
2026-07-31 22:50:29 [INFO] aso_pde_optimizer: Method: mma
2026-07-31 22:50:29 [INFO] aso_pde_optimizer: AoA: 4.0°, Re: 1.0e+05, Mach: 0.1
2026-07-31 22:50:29 [INFO] aso_pde_optimizer: Max iterations: 5
2026-07-31 22:50:29 [INFO] aso_pde_optimizer: ============================================================
2026-07-31 22:50:29 [INFO] aso_pde_optimizer: SU2_CFD: bin/SU2_CFD.exe
2026-07-31 22:50:29 [INFO] aso_pde_optimizer: SU2_DEF: bin/SU2_DEF.exe
2026-07-31 22:50:29 [INFO] aso_pde_optimizer: Mesh: C:\Eshant_Sonhar\airfoil research paper\airfoil generator model\data\mesh_fixed.su2
2026-07-31 22:50:30 [INFO] airfoil_discovery.aso.optimizer: === MMA Iteration 1/5 ===
2026-07-31 22:50:30 [INFO] airfoil_discovery.aso.optimizer: Running primal CFD: bin/SU2_CFD.exe, AoA=4.0°, Re=1.0e+05
2026-07-31 22:50:30 [INFO] airfoil_discovery.aso.subprocess_utils: [SU2_CFD primal] Executing: bin/SU2_CFD.exe config_primal.cfg in aso_results\cfd_cases\eval_1785518430872926600
2026-07-31 22:50:32 [INFO] airfoil_discovery.aso.subprocess_utils: [SU2_CFD primal] Completed in 1.8s (rc=0)
2026-07-31 22:50:32 [INFO] airfoil_discovery.aso.optimizer: SU2 history headers detected: ['Inner_Iter', 'rms[Rho]', 'rms[RhoU]', 'rms[RhoV]', 'rms[RhoE]', 'rms[k]', 'rms[w]', 'rms[LM_1]', 'rms[LM_2]', 'RefForce', 'CD', 'CL', 'CSF', 'CMx', 'CMy', 'CMz', 'CFx', 'CFy', 'CFz', 'CEff', 'Buffet']
2026-07-31 22:50:32 [INFO] airfoil_discovery.aso.optimizer: Found CL column: 'CL' = 1.546541417
2026-07-31 22:50:32 [INFO] airfoil_discovery.aso.optimizer: Found CD column: 'CD' = 0.5902420892
2026-07-31 22:50:32 [INFO] airfoil_discovery.aso.optimizer: Force convergence window not flat enough: CL span=5.759e-03, CD span=4.561e-04
2026-07-31 22:50:32 [INFO] airfoil_discovery.aso.optimizer: Primal CFD: CL=1.546541, CD=0.590242, converged=True
2026-07-31 22:50:32 [INFO] airfoil_discovery.aso.optimizer: Copied primal restart to adjoint restart: solution_adj_cd.dat
2026-07-31 22:50:32 [INFO] airfoil_discovery.aso.optimizer: Running adjoint CFD: bin/SU2_CFD.exe
2026-07-31 22:50:32 [INFO] airfoil_discovery.aso.subprocess_utils: [SU2_CFD adjoint] Executing: bin/SU2_CFD.exe config_adjoint.cfg in aso_results\cfd_cases\eval_1785518430872926600
2026-07-31 22:50:32 [INFO] airfoil_discovery.aso.subprocess_utils: [SU2_CFD adjoint] Completed in 0.2s (rc=0)
2026-07-31 22:50:32 [INFO] airfoil_discovery.aso.adjoint: Reading adjoint sensitivities from: surface_adjoint.csv
2026-07-31 22:50:32 [WARNING] airfoil_discovery.aso.adjoint: Individual sensitivities are zero, using Surface_Sensitivity column
2026-07-31 22:50:32 [INFO] airfoil_discovery.aso.adjoint: Surface nodes: total=159, upper=80, lower=79
2026-07-31 22:50:32 [INFO] airfoil_discovery.aso.adjoint: Adjoint gradient extracted: norm=0.068360, min=-0.050685, max=0.036362
2026-07-31 22:50:32 [INFO] airfoil_discovery.aso.mesh_deform: Prepared SU2 surface positions for marker airfoil: max target displacement=0.000000e+00
2026-07-31 22:50:32 [INFO] airfoil_discovery.aso.subprocess_utils: [SU2_DEF] Executing: bin/SU2_DEF.exe config_deform.cfg in aso_results\cfd_cases\def_1785518432877796400
2026-07-31 22:50:32 [INFO] airfoil_discovery.aso.subprocess_utils: [SU2_DEF] Completed in 0.1s (rc=0)
2026-07-31 22:50:33 [ERROR] airfoil_discovery.aso.mesh_deform: SU2_DEF produced an unchanged mesh for marker airfoil (max node displacement 0.000000e+00). Rejecting deformation.
2026-07-31 22:50:33 [INFO] airfoil_discovery.aso.optimizer: Cd=0.590242, |grad Cd|=0.068360, t/c=0.1480, accepted=True, rho=0.2000
2026-07-31 22:50:33 [INFO] airfoil_discovery.aso.optimizer: === MMA Iteration 2/5 ===
2026-07-31 22:50:33 [INFO] airfoil_discovery.aso.optimizer: Running primal CFD: bin/SU2_CFD.exe, AoA=4.0°, Re=1.0e+05
2026-07-31 22:50:33 [INFO] airfoil_discovery.aso.subprocess_utils: [SU2_CFD primal] Executing: bin/SU2_CFD.exe config_primal.cfg in aso_results\cfd_cases\eval_1785518433008829300
2026-07-31 22:50:34 [INFO] airfoil_discovery.aso.subprocess_utils: [SU2_CFD primal] Completed in 1.8s (rc=0)
2026-07-31 22:50:34 [INFO] airfoil_discovery.aso.optimizer: SU2 history headers detected: ['Inner_Iter', 'rms[Rho]', 'rms[RhoU]', 'rms[RhoV]', 'rms[RhoE]', 'rms[k]', 'rms[w]', 'rms[LM_1]', 'rms[LM_2]', 'RefForce', 'CD', 'CL', 'CSF', 'CMx', 'CMy', 'CMz', 'CFx', 'CFy', 'CFz', 'CEff', 'Buffet']
2026-07-31 22:50:34 [INFO] airfoil_discovery.aso.optimizer: Found CL column: 'CL' = 1.546541417
2026-07-31 22:50:34 [INFO] airfoil_discovery.aso.optimizer: Found CD column: 'CD' = 0.5902420892
2026-07-31 22:50:34 [INFO] airfoil_discovery.aso.optimizer: Force convergence window not flat enough: CL span=5.759e-03, CD span=4.561e-04
2026-07-31 22:50:34 [INFO] airfoil_discovery.aso.optimizer: Primal CFD: CL=1.546541, CD=0.590242, converged=True
2026-07-31 22:50:34 [INFO] airfoil_discovery.aso.optimizer: Copied primal restart to adjoint restart: solution_adj_cd.dat
2026-07-31 22:50:34 [INFO] airfoil_discovery.aso.optimizer: Running adjoint CFD: bin/SU2_CFD.exe
2026-07-31 22:50:34 [INFO] airfoil_discovery.aso.subprocess_utils: [SU2_CFD adjoint] Executing: bin/SU2_CFD.exe config_adjoint.cfg in aso_results\cfd_cases\eval_1785518433008829300
2026-07-31 22:50:34 [INFO] airfoil_discovery.aso.subprocess_utils: [SU2_CFD adjoint] Completed in 0.2s (rc=0)
2026-07-31 22:50:34 [INFO] airfoil_discovery.aso.adjoint: Reading adjoint sensitivities from: surface_adjoint.csv
2026-07-31 22:50:34 [WARNING] airfoil_discovery.aso.adjoint: Individual sensitivities are zero, using Surface_Sensitivity column
2026-07-31 22:50:34 [INFO] airfoil_discovery.aso.adjoint: Surface nodes: total=159, upper=80, lower=79
2026-07-31 22:50:34 [INFO] airfoil_discovery.aso.adjoint: Adjoint gradient extracted: norm=0.068360, min=-0.050685, max=0.036362
2026-07-31 22:50:34 [INFO] airfoil_discovery.aso.mesh_deform: Prepared SU2 surface positions for marker airfoil: max target displacement=1.289585e-02
2026-07-31 22:50:34 [INFO] airfoil_discovery.aso.subprocess_utils: [SU2_DEF] Executing: bin/SU2_DEF.exe config_deform.cfg in aso_results\cfd_cases\def_1785518434964764900
2026-07-31 22:50:35 [INFO] airfoil_discovery.aso.subprocess_utils: [SU2_DEF] Completed in 0.1s (rc=0)
2026-07-31 22:50:35 [INFO] airfoil_discovery.aso.mesh_deform: Mesh deformed successfully: aso_results\cfd_cases\def_1785518434964764900\mesh_deformed.su2 (max node displacement=2.478448e-01)
2026-07-31 22:50:35 [INFO] airfoil_discovery.aso.optimizer: Cd=0.590242, |grad Cd|=0.068360, t/c=0.1268, accepted=True, rho=0.2000
2026-07-31 22:50:35 [INFO] airfoil_discovery.aso.mesh_deform: Prepared SU2 surface positions for marker airfoil: max target displacement=1.289585e-02
2026-07-31 22:50:35 [INFO] airfoil_discovery.aso.subprocess_utils: [SU2_DEF] Executing: bin/SU2_DEF.exe config_deform.cfg in aso_results\cfd_cases\def_iter_2_1785518435113057100
2026-07-31 22:50:35 [INFO] airfoil_discovery.aso.subprocess_utils: [SU2_DEF] Completed in 0.1s (rc=0)
2026-07-31 22:50:35 [INFO] airfoil_discovery.aso.mesh_deform: Mesh deformed successfully: aso_results\cfd_cases\def_iter_2_1785518435113057100\mesh_deformed.su2 (max node displacement=2.590634e-01)
2026-07-31 22:50:35 [INFO] airfoil_discovery.aso.optimizer: === MMA Iteration 3/5 ===
2026-07-31 22:50:35 [INFO] airfoil_discovery.aso.optimizer: Running primal CFD: bin/SU2_CFD.exe, AoA=4.0°, Re=1.0e+05
2026-07-31 22:50:35 [INFO] airfoil_discovery.aso.subprocess_utils: [SU2_CFD primal] Executing: bin/SU2_CFD.exe config_primal.cfg in aso_results\cfd_cases\eval_1785518435272421700
2026-07-31 22:50:37 [INFO] airfoil_discovery.aso.subprocess_utils: [SU2_CFD primal] Completed in 1.8s (rc=0)
2026-07-31 22:50:37 [INFO] airfoil_discovery.aso.optimizer: SU2 history headers detected: ['Inner_Iter', 'rms[Rho]', 'rms[RhoU]', 'rms[RhoV]', 'rms[RhoE]', 'rms[k]', 'rms[w]', 'rms[LM_1]', 'rms[LM_2]', 'RefForce', 'CD', 'CL', 'CSF', 'CMx', 'CMy', 'CMz', 'CFx', 'CFy', 'CFz', 'CEff', 'Buffet']
2026-07-31 22:50:37 [INFO] airfoil_discovery.aso.optimizer: Found CL column: 'CL' = 1.170578155
2026-07-31 22:50:37 [INFO] airfoil_discovery.aso.optimizer: Found CD column: 'CD' = 0.2176244943
2026-07-31 22:50:37 [INFO] airfoil_discovery.aso.optimizer: Force convergence window not flat enough: CL span=1.969e-03, CD span=1.624e-04
2026-07-31 22:50:37 [INFO] airfoil_discovery.aso.optimizer: Primal CFD: CL=1.170578, CD=0.217624, converged=True
2026-07-31 22:50:37 [INFO] airfoil_discovery.aso.optimizer: Copied primal restart to adjoint restart: solution_adj_cd.dat
2026-07-31 22:50:37 [INFO] airfoil_discovery.aso.optimizer: Running adjoint CFD: bin/SU2_CFD.exe
2026-07-31 22:50:37 [INFO] airfoil_discovery.aso.subprocess_utils: [SU2_CFD adjoint] Executing: bin/SU2_CFD.exe config_adjoint.cfg in aso_results\cfd_cases\eval_1785518435272421700
2026-07-31 22:50:37 [INFO] airfoil_discovery.aso.subprocess_utils: [SU2_CFD adjoint] Completed in 0.2s (rc=0)
2026-07-31 22:50:37 [INFO] airfoil_discovery.aso.adjoint: Reading adjoint sensitivities from: surface_adjoint.csv
2026-07-31 22:50:37 [WARNING] airfoil_discovery.aso.adjoint: Individual sensitivities are zero, using Surface_Sensitivity column
2026-07-31 22:50:37 [INFO] airfoil_discovery.aso.adjoint: Surface nodes: total=159, upper=80, lower=79
2026-07-31 22:50:37 [INFO] airfoil_discovery.aso.adjoint: Adjoint gradient extracted: norm=0.220612, min=-0.164710, max=0.136870
2026-07-31 22:50:37 [INFO] airfoil_discovery.aso.mesh_deform: Prepared SU2 surface positions for marker airfoil: max target displacement=1.127072e-02
2026-07-31 22:50:37 [INFO] airfoil_discovery.aso.subprocess_utils: [SU2_DEF] Executing: bin/SU2_DEF.exe config_deform.cfg in aso_results\cfd_cases\def_1785518437251497400
2026-07-31 22:50:37 [INFO] airfoil_discovery.aso.subprocess_utils: [SU2_DEF] Completed in 0.1s (rc=0)
2026-07-31 22:50:37 [INFO] airfoil_discovery.aso.mesh_deform: Mesh deformed successfully: aso_results\cfd_cases\def_1785518437251497400\mesh_deformed.su2 (max node displacement=2.709232e-01)
2026-07-31 22:50:37 [INFO] airfoil_discovery.aso.optimizer: Cd=0.217624, |grad Cd|=0.220612, t/c=0.1057, accepted=True, rho=0.4000
2026-07-31 22:50:37 [INFO] airfoil_discovery.aso.mesh_deform: Prepared SU2 surface positions for marker airfoil: max target displacement=1.289585e-02
2026-07-31 22:50:37 [INFO] airfoil_discovery.aso.subprocess_utils: [SU2_DEF] Executing: bin/SU2_DEF.exe config_deform.cfg in aso_results\cfd_cases\def_iter_3_1785518437409002100
2026-07-31 22:50:37 [INFO] airfoil_discovery.aso.subprocess_utils: [SU2_DEF] Completed in 0.1s (rc=0)
2026-07-31 22:50:37 [INFO] airfoil_discovery.aso.mesh_deform: Mesh deformed successfully: aso_results\cfd_cases\def_iter_3_1785518437409002100\mesh_deformed.su2 (max node displacement=2.934961e-01)
2026-07-31 22:50:37 [INFO] airfoil_discovery.aso.optimizer: === MMA Iteration 4/5 ===
2026-07-31 22:50:37 [INFO] airfoil_discovery.aso.optimizer: Running primal CFD: bin/SU2_CFD.exe, AoA=4.0°, Re=1.0e+05
2026-07-31 22:50:37 [INFO] airfoil_discovery.aso.subprocess_utils: [SU2_CFD primal] Executing: bin/SU2_CFD.exe config_primal.cfg in aso_results\cfd_cases\eval_1785518437583935600
2026-07-31 22:50:39 [INFO] airfoil_discovery.aso.subprocess_utils: [SU2_CFD primal] Completed in 1.8s (rc=0)
2026-07-31 22:50:39 [INFO] airfoil_discovery.aso.optimizer: SU2 history headers detected: ['Inner_Iter', 'rms[Rho]', 'rms[RhoU]', 'rms[RhoV]', 'rms[RhoE]', 'rms[k]', 'rms[w]', 'rms[LM_1]', 'rms[LM_2]', 'RefForce', 'CD', 'CL', 'CSF', 'CMx', 'CMy', 'CMz', 'CFx', 'CFy', 'CFz', 'CEff', 'Buffet']
2026-07-31 22:50:39 [INFO] airfoil_discovery.aso.optimizer: Found CL column: 'CL' = 0.6366313963
2026-07-31 22:50:39 [INFO] airfoil_discovery.aso.optimizer: Found CD column: 'CD' = 0.2992139774
2026-07-31 22:50:39 [INFO] airfoil_discovery.aso.optimizer: Force convergence window not flat enough: CL span=5.778e-03, CD span=4.501e-04
2026-07-31 22:50:39 [INFO] airfoil_discovery.aso.optimizer: Primal CFD: CL=0.636631, CD=0.299214, converged=True
2026-07-31 22:50:39 [INFO] airfoil_discovery.aso.optimizer: Copied primal restart to adjoint restart: solution_adj_cd.dat
2026-07-31 22:50:39 [INFO] airfoil_discovery.aso.optimizer: Running adjoint CFD: bin/SU2_CFD.exe
2026-07-31 22:50:39 [INFO] airfoil_discovery.aso.subprocess_utils: [SU2_CFD adjoint] Executing: bin/SU2_CFD.exe config_adjoint.cfg in aso_results\cfd_cases\eval_1785518437583935600
2026-07-31 22:50:39 [INFO] airfoil_discovery.aso.subprocess_utils: [SU2_CFD adjoint] Completed in 0.2s (rc=0)
2026-07-31 22:50:39 [INFO] airfoil_discovery.aso.adjoint: Reading adjoint sensitivities from: surface_adjoint.csv
2026-07-31 22:50:39 [WARNING] airfoil_discovery.aso.adjoint: Individual sensitivities are zero, using Surface_Sensitivity column
2026-07-31 22:50:39 [INFO] airfoil_discovery.aso.adjoint: Surface nodes: total=159, upper=80, lower=79
2026-07-31 22:50:39 [INFO] airfoil_discovery.aso.adjoint: Adjoint gradient extracted: norm=0.412408, min=-0.239086, max=0.315404
2026-07-31 22:50:39 [INFO] airfoil_discovery.aso.mesh_deform: Prepared SU2 surface positions for marker airfoil: max target displacement=1.093440e-02
2026-07-31 22:50:39 [INFO] airfoil_discovery.aso.subprocess_utils: [SU2_DEF] Executing: bin/SU2_DEF.exe config_deform.cfg in aso_results\cfd_cases\def_1785518439575916600
2026-07-31 22:50:39 [INFO] airfoil_discovery.aso.subprocess_utils: [SU2_DEF] Completed in 0.1s (rc=0)
2026-07-31 22:50:39 [INFO] airfoil_discovery.aso.mesh_deform: Mesh deformed successfully: aso_results\cfd_cases\def_1785518439575916600\mesh_deformed.su2 (max node displacement=3.267326e-01)
2026-07-31 22:50:39 [INFO] airfoil_discovery.aso.optimizer: Cd=0.299214, |grad Cd|=0.412408, t/c=0.0848, accepted=False, rho=0.1000
2026-07-31 22:50:39 [INFO] airfoil_discovery.aso.optimizer: === MMA Iteration 5/5 ===
2026-07-31 22:50:39 [INFO] airfoil_discovery.aso.optimizer: Running primal CFD: bin/SU2_CFD.exe, AoA=4.0°, Re=1.0e+05
2026-07-31 22:50:39 [INFO] airfoil_discovery.aso.subprocess_utils: [SU2_CFD primal] Executing: bin/SU2_CFD.exe config_primal.cfg in aso_results\cfd_cases\eval_1785518439730405800
2026-07-31 22:50:41 [INFO] airfoil_discovery.aso.subprocess_utils: [SU2_CFD primal] Completed in 1.8s (rc=0)
2026-07-31 22:50:41 [INFO] airfoil_discovery.aso.optimizer: SU2 history headers detected: ['Inner_Iter', 'rms[Rho]', 'rms[RhoU]', 'rms[RhoV]', 'rms[RhoE]', 'rms[k]', 'rms[w]', 'rms[LM_1]', 'rms[LM_2]', 'RefForce', 'CD', 'CL', 'CSF', 'CMx', 'CMy', 'CMz', 'CFx', 'CFy', 'CFz', 'CEff', 'Buffet']
2026-07-31 22:50:41 [INFO] airfoil_discovery.aso.optimizer: Found CL column: 'CL' = 0.3863837325
2026-07-31 22:50:41 [INFO] airfoil_discovery.aso.optimizer: Found CD column: 'CD' = 0.3648067994
2026-07-31 22:50:41 [INFO] airfoil_discovery.aso.optimizer: Force convergence window not flat enough: CL span=8.379e-03, CD span=7.128e-04
2026-07-31 22:50:41 [INFO] airfoil_discovery.aso.optimizer: Primal CFD: CL=0.386384, CD=0.364807, converged=True
2026-07-31 22:50:41 [INFO] airfoil_discovery.aso.optimizer: Copied primal restart to adjoint restart: solution_adj_cd.dat
2026-07-31 22:50:41 [INFO] airfoil_discovery.aso.optimizer: Running adjoint CFD: bin/SU2_CFD.exe
2026-07-31 22:50:41 [INFO] airfoil_discovery.aso.subprocess_utils: [SU2_CFD adjoint] Executing: bin/SU2_CFD.exe config_adjoint.cfg in aso_results\cfd_cases\eval_1785518439730405800
2026-07-31 22:50:41 [INFO] airfoil_discovery.aso.subprocess_utils: [SU2_CFD adjoint] Completed in 0.2s (rc=0)
2026-07-31 22:50:41 [INFO] airfoil_discovery.aso.adjoint: Reading adjoint sensitivities from: surface_adjoint.csv
2026-07-31 22:50:41 [WARNING] airfoil_discovery.aso.adjoint: Individual sensitivities are zero, using Surface_Sensitivity column
2026-07-31 22:50:41 [INFO] airfoil_discovery.aso.adjoint: Surface nodes: total=159, upper=80, lower=79
2026-07-31 22:50:41 [INFO] airfoil_discovery.aso.adjoint: Adjoint gradient extracted: norm=0.420358, min=-0.269471, max=0.312620
2026-07-31 22:50:41 [INFO] airfoil_discovery.aso.mesh_deform: Prepared SU2 surface positions for marker airfoil: max target displacement=0.000000e+00
2026-07-31 22:50:41 [INFO] airfoil_discovery.aso.subprocess_utils: [SU2_DEF] Executing: bin/SU2_DEF.exe config_deform.cfg in aso_results\cfd_cases\def_1785518441713046600
2026-07-31 22:50:41 [INFO] airfoil_discovery.aso.subprocess_utils: [SU2_DEF] Completed in 0.1s (rc=0)
2026-07-31 22:50:41 [ERROR] airfoil_discovery.aso.mesh_deform: SU2_DEF produced an unchanged mesh for marker airfoil (max node displacement 8.690965e-16). Rejecting deformation.
2026-07-31 22:50:41 [INFO] airfoil_discovery.aso.optimizer: Cd=0.364807, |grad Cd|=0.420358, t/c=0.0848, accepted=False, rho=0.0250
2026-07-31 22:50:41 [INFO] airfoil_discovery.aso.optimizer: Results saved to aso_results
2026-07-31 22:50:41 [INFO] aso_pde_optimizer: ============================================================
2026-07-31 22:50:41 [INFO] aso_pde_optimizer: Optimization Complete
2026-07-31 22:50:41 [INFO] aso_pde_optimizer: Time elapsed: 12.3 seconds (0.2 minutes)
2026-07-31 22:50:41 [INFO] aso_pde_optimizer: Total iterations: 5
2026-07-31 22:50:41 [INFO] aso_pde_optimizer: Converged: False
2026-07-31 22:50:41 [INFO] aso_pde_optimizer: Initial Cd: 0.590242, Final Cd: 0.364807 (delta: -0.225435)
2026-07-31 22:50:41 [INFO] aso_pde_optimizer: Initial Cl: 1.546541, Final Cl: 0.386384 (delta: -1.160158)
2026-07-31 22:50:41 [INFO] aso_pde_optimizer: Initial |grad Cd|: 0.068360, Final |grad Cd|: 0.420358
2026-07-31 22:50:41 [INFO] aso_pde_optimizer: Results saved to: C:\Eshant_Sonhar\airfoil research paper\airfoil generator model\aso_results
2026-07-31 22:50:41 [INFO] aso_pde_optimizer: ============================================================
