2026-08-03 18:53:04 [INFO] aso_pde_optimizer: ============================================================
2026-08-03 18:53:04 [INFO] aso_pde_optimizer: PDE-Constrained Aerodynamic Shape Optimization
2026-08-03 18:53:04 [INFO] aso_pde_optimizer: Method: mma
2026-08-03 18:53:04 [INFO] aso_pde_optimizer: AoA: 4.0°, Re: 1.0e+05, Mach: 0.1
2026-08-03 18:53:04 [INFO] aso_pde_optimizer: Max iterations: 15
2026-08-03 18:53:04 [INFO] aso_pde_optimizer: ============================================================
2026-08-03 18:53:04 [INFO] aso_pde_optimizer: SU2_CFD: bin/SU2_CFD.exe
2026-08-03 18:53:04 [INFO] aso_pde_optimizer: SU2_DEF: bin/SU2_DEF.exe
2026-08-03 18:53:04 [INFO] aso_pde_optimizer: Mesh: C:\Eshant_Sonhar\airfoil research paper\airfoil generator model\data\mesh_fixed.su2
2026-08-03 18:53:05 [INFO] airfoil_discovery.aso.optimizer: === MMA Iteration 1/15 ===
2026-08-03 18:53:05 [WARNING] airfoil_discovery.aso.optimizer: Geometric validation failed: Thickness violation: 0.008455 < 0.010000 (min fraction = 0.01). Rejecting design vector WITHOUT CFD execution.
2026-08-03 18:53:05 [INFO] airfoil_discovery.optimization.mma_engine: MMA asymptotes reset: L range expanded by factor 0.5
2026-08-03 18:53:05 [INFO] airfoil_discovery.aso.optimizer: Backtracked to best design due to geometric violation, move limit reduced to 0.025000 (floor enforced)
2026-08-03 18:53:05 [INFO] airfoil_discovery.aso.optimizer: === MMA Iteration 2/15 ===
2026-08-03 18:53:05 [WARNING] airfoil_discovery.aso.optimizer: Geometric validation failed: Thickness violation: 0.008455 < 0.010000 (min fraction = 0.01). Rejecting design vector WITHOUT CFD execution.
2026-08-03 18:53:05 [INFO] airfoil_discovery.optimization.mma_engine: MMA asymptotes reset: L range expanded by factor 0.5
2026-08-03 18:53:05 [INFO] airfoil_discovery.aso.optimizer: Backtracked to best design due to geometric violation, move limit reduced to 0.012500 (floor enforced)
2026-08-03 18:53:05 [INFO] airfoil_discovery.aso.optimizer: === MMA Iteration 3/15 ===
2026-08-03 18:53:05 [WARNING] airfoil_discovery.aso.optimizer: Geometric validation failed: Thickness violation: 0.008455 < 0.010000 (min fraction = 0.01). Rejecting design vector WITHOUT CFD execution.
2026-08-03 18:53:05 [INFO] airfoil_discovery.optimization.mma_engine: MMA asymptotes reset: L range expanded by factor 0.5
2026-08-03 18:53:05 [INFO] airfoil_discovery.aso.optimizer: Backtracked to best design due to geometric violation, move limit reduced to 0.006250 (floor enforced)
2026-08-03 18:53:05 [INFO] airfoil_discovery.aso.optimizer: === MMA Iteration 4/15 ===
2026-08-03 18:53:05 [WARNING] airfoil_discovery.aso.optimizer: Geometric validation failed: Thickness violation: 0.008455 < 0.010000 (min fraction = 0.01). Rejecting design vector WITHOUT CFD execution.
2026-08-03 18:53:05 [INFO] airfoil_discovery.optimization.mma_engine: MMA asymptotes reset: L range expanded by factor 0.5
2026-08-03 18:53:05 [INFO] airfoil_discovery.aso.optimizer: Backtracked to best design due to geometric violation, move limit reduced to 0.005000 (floor enforced)
2026-08-03 18:53:05 [INFO] airfoil_discovery.aso.optimizer: === MMA Iteration 5/15 ===
2026-08-03 18:53:05 [WARNING] airfoil_discovery.aso.optimizer: Geometric validation failed: Thickness violation: 0.008455 < 0.010000 (min fraction = 0.01). Rejecting design vector WITHOUT CFD execution.
2026-08-03 18:53:05 [INFO] airfoil_discovery.optimization.mma_engine: MMA asymptotes reset: L range expanded by factor 0.5
2026-08-03 18:53:05 [INFO] airfoil_discovery.aso.optimizer: Backtracked to best design due to geometric violation, move limit reduced to 0.005000 (floor enforced)
2026-08-03 18:53:05 [INFO] airfoil_discovery.aso.optimizer: === MMA Iteration 6/15 ===
2026-08-03 18:53:05 [WARNING] airfoil_discovery.aso.optimizer: Geometric validation failed: Thickness violation: 0.008455 < 0.010000 (min fraction = 0.01). Rejecting design vector WITHOUT CFD execution.
2026-08-03 18:53:05 [INFO] airfoil_discovery.optimization.mma_engine: MMA asymptotes reset: L range expanded by factor 0.5
2026-08-03 18:53:05 [INFO] airfoil_discovery.aso.optimizer: Backtracked to best design due to geometric violation, move limit reduced to 0.005000 (floor enforced)
2026-08-03 18:53:05 [INFO] airfoil_discovery.aso.optimizer: === MMA Iteration 7/15 ===
2026-08-03 18:53:05 [WARNING] airfoil_discovery.aso.optimizer: Geometric validation failed: Thickness violation: 0.008455 < 0.010000 (min fraction = 0.01). Rejecting design vector WITHOUT CFD execution.
2026-08-03 18:53:05 [INFO] airfoil_discovery.optimization.mma_engine: MMA asymptotes reset: L range expanded by factor 0.5
2026-08-03 18:53:05 [INFO] airfoil_discovery.aso.optimizer: Backtracked to best design due to geometric violation, move limit reduced to 0.005000 (floor enforced)
2026-08-03 18:53:05 [INFO] airfoil_discovery.aso.optimizer: === MMA Iteration 8/15 ===
2026-08-03 18:53:05 [WARNING] airfoil_discovery.aso.optimizer: Geometric validation failed: Thickness violation: 0.008455 < 0.010000 (min fraction = 0.01). Rejecting design vector WITHOUT CFD execution.
2026-08-03 18:53:05 [INFO] airfoil_discovery.optimization.mma_engine: MMA asymptotes reset: L range expanded by factor 0.5
2026-08-03 18:53:05 [INFO] airfoil_discovery.aso.optimizer: Backtracked to best design due to geometric violation, move limit reduced to 0.005000 (floor enforced)
2026-08-03 18:53:05 [INFO] airfoil_discovery.aso.optimizer: === MMA Iteration 9/15 ===
2026-08-03 18:53:05 [WARNING] airfoil_discovery.aso.optimizer: Geometric validation failed: Thickness violation: 0.008455 < 0.010000 (min fraction = 0.01). Rejecting design vector WITHOUT CFD execution.
2026-08-03 18:53:05 [INFO] airfoil_discovery.optimization.mma_engine: MMA asymptotes reset: L range expanded by factor 0.5
2026-08-03 18:53:05 [INFO] airfoil_discovery.aso.optimizer: Backtracked to best design due to geometric violation, move limit reduced to 0.005000 (floor enforced)
2026-08-03 18:53:05 [INFO] airfoil_discovery.aso.optimizer: === MMA Iteration 10/15 ===
2026-08-03 18:53:05 [WARNING] airfoil_discovery.aso.optimizer: Geometric validation failed: Thickness violation: 0.008455 < 0.010000 (min fraction = 0.01). Rejecting design vector WITHOUT CFD execution.
2026-08-03 18:53:05 [INFO] airfoil_discovery.optimization.mma_engine: MMA asymptotes reset: L range expanded by factor 0.5
2026-08-03 18:53:05 [INFO] airfoil_discovery.aso.optimizer: Backtracked to best design due to geometric violation, move limit reduced to 0.005000 (floor enforced)
2026-08-03 18:53:05 [INFO] airfoil_discovery.aso.optimizer: === MMA Iteration 11/15 ===
2026-08-03 18:53:05 [WARNING] airfoil_discovery.aso.optimizer: Geometric validation failed: Thickness violation: 0.008455 < 0.010000 (min fraction = 0.01). Rejecting design vector WITHOUT CFD execution.
2026-08-03 18:53:05 [INFO] airfoil_discovery.optimization.mma_engine: MMA asymptotes reset: L range expanded by factor 0.5
2026-08-03 18:53:05 [INFO] airfoil_discovery.aso.optimizer: Backtracked to best design due to geometric violation, move limit reduced to 0.005000 (floor enforced)
2026-08-03 18:53:05 [INFO] airfoil_discovery.aso.optimizer: === MMA Iteration 12/15 ===
2026-08-03 18:53:05 [WARNING] airfoil_discovery.aso.optimizer: Geometric validation failed: Thickness violation: 0.008455 < 0.010000 (min fraction = 0.01). Rejecting design vector WITHOUT CFD execution.
2026-08-03 18:53:05 [INFO] airfoil_discovery.optimization.mma_engine: MMA asymptotes reset: L range expanded by factor 0.5
2026-08-03 18:53:05 [INFO] airfoil_discovery.aso.optimizer: Backtracked to best design due to geometric violation, move limit reduced to 0.005000 (floor enforced)
2026-08-03 18:53:05 [INFO] airfoil_discovery.aso.optimizer: === MMA Iteration 13/15 ===
2026-08-03 18:53:05 [WARNING] airfoil_discovery.aso.optimizer: Geometric validation failed: Thickness violation: 0.008455 < 0.010000 (min fraction = 0.01). Rejecting design vector WITHOUT CFD execution.
2026-08-03 18:53:05 [INFO] airfoil_discovery.optimization.mma_engine: MMA asymptotes reset: L range expanded by factor 0.5
2026-08-03 18:53:05 [INFO] airfoil_discovery.aso.optimizer: Backtracked to best design due to geometric violation, move limit reduced to 0.005000 (floor enforced)
2026-08-03 18:53:05 [INFO] airfoil_discovery.aso.optimizer: === MMA Iteration 14/15 ===
2026-08-03 18:53:05 [WARNING] airfoil_discovery.aso.optimizer: Geometric validation failed: Thickness violation: 0.008455 < 0.010000 (min fraction = 0.01). Rejecting design vector WITHOUT CFD execution.
2026-08-03 18:53:05 [INFO] airfoil_discovery.optimization.mma_engine: MMA asymptotes reset: L range expanded by factor 0.5
2026-08-03 18:53:05 [INFO] airfoil_discovery.aso.optimizer: Backtracked to best design due to geometric violation, move limit reduced to 0.005000 (floor enforced)
2026-08-03 18:53:05 [INFO] airfoil_discovery.aso.optimizer: === MMA Iteration 15/15 ===
2026-08-03 18:53:05 [WARNING] airfoil_discovery.aso.optimizer: Geometric validation failed: Thickness violation: 0.008455 < 0.010000 (min fraction = 0.01). Rejecting design vector WITHOUT CFD execution.
2026-08-03 18:53:05 [INFO] airfoil_discovery.optimization.mma_engine: MMA asymptotes reset: L range expanded by factor 0.5
2026-08-03 18:53:05 [INFO] airfoil_discovery.aso.optimizer: Backtracked to best design due to geometric violation, move limit reduced to 0.005000 (floor enforced)
2026-08-03 18:53:05 [INFO] airfoil_discovery.aso.optimizer: Exported best design to aso_15iter_verification\best_airfoil_shape.dat and aso_15iter_verification\best_results.json
2026-08-03 18:53:05 [INFO] airfoil_discovery.aso.optimizer: Results saved to aso_15iter_verification
2026-08-03 18:53:05 [INFO] aso_pde_optimizer: ============================================================
2026-08-03 18:53:05 [INFO] aso_pde_optimizer: Optimization Complete
2026-08-03 18:53:05 [INFO] aso_pde_optimizer: Time elapsed: 1.1 seconds (0.0 minutes)
2026-08-03 18:53:05 [INFO] aso_pde_optimizer: Total iterations: 0
2026-08-03 18:53:05 [INFO] aso_pde_optimizer: Converged: False
2026-08-03 18:53:05 [INFO] aso_pde_optimizer: Results saved to: C:\Eshant_Sonhar\airfoil research paper\airfoil generator model\aso_15iter_verification
2026-08-03 18:53:05 [INFO] aso_pde_optimizer: ============================================================
