Info    : Running 'bin/gmsh.exe airfoil.geo -2 -format su2 -o airfoil.su2' [Gmsh 4.15.2, 1 node, max. 1 thread]
Info    : Started on Tue May 19 17:23:34 2026
Info    : Reading 'airfoil.geo'...
Info    : Done reading 'airfoil.geo'
Info    : Meshing 1D...
Info    : [  0%] Meshing curve 1 (Line)
Info    : [ 10%] Meshing curve 2 (Line)
Info    : [ 10%] Meshing curve 3 (Line)
Info    : [ 10%] Meshing curve 4 (Line)
Info    : [ 10%] Meshing curve 5 (Line)
Info    : [ 10%] Meshing curve 6 (Line)
Info    : [ 10%] Meshing curve 7 (Line)
Info    : [ 10%] Meshing curve 8 (Line)
Info    : [ 10%] Meshing curve 9 (Line)
Info    : [ 10%] Meshing curve 10 (Line)
Info    : [ 10%] Meshing curve 11 (Line)
Info    : [ 10%] Meshing curve 12 (Line)
Info    : [ 10%] Meshing curve 13 (Line)
Info    : [ 10%] Meshing curve 14 (Line)
Info    : [ 10%] Meshing curve 15 (Line)
Info    : [ 10%] Meshing curve 16 (Line)
Info    : [ 10%] Meshing curve 17 (Line)
Info    : [ 20%] Meshing curve 18 (Line)
Info    : [ 20%] Meshing curve 19 (Line)
Info    : [ 20%] Meshing curve 20 (Line)
Info    : [ 20%] Meshing curve 21 (Line)
Info    : [ 20%] Meshing curve 22 (Line)
Info    : [ 20%] Meshing curve 23 (Line)
Info    : [ 20%] Meshing curve 24 (Line)
Info    : [ 20%] Meshing curve 25 (Line)
Info    : [ 20%] Meshing curve 26 (Line)
Info    : [ 20%] Meshing curve 27 (Line)
Info    : [ 20%] Meshing curve 28 (Line)
Info    : [ 20%] Meshing curve 29 (Line)
Info    : [ 20%] Meshing curve 30 (Line)
Info    : [ 20%] Meshing curve 31 (Line)
Info    : [ 20%] Meshing curve 32 (Line)
Info    : [ 20%] Meshing curve 33 (Line)
Info    : [ 30%] Meshing curve 34 (Line)
Info    : [ 30%] Meshing curve 35 (Line)
Info    : [ 30%] Meshing curve 36 (Line)
Info    : [ 30%] Meshing curve 37 (Line)
Info    : [ 30%] Meshing curve 38 (Line)
Info    : [ 30%] Meshing curve 39 (Line)
Info    : [ 30%] Meshing curve 40 (Line)
Info    : [ 30%] Meshing curve 41 (Line)
Info    : [ 30%] Meshing curve 42 (Line)
Info    : [ 30%] Meshing curve 43 (Line)
Info    : [ 30%] Meshing curve 44 (Line)
Info    : [ 30%] Meshing curve 45 (Line)
Info    : [ 30%] Meshing curve 46 (Line)
Info    : [ 30%] Meshing curve 47 (Line)
Info    : [ 30%] Meshing curve 48 (Line)
Info    : [ 30%] Meshing curve 49 (Line)
Info    : [ 40%] Meshing curve 50 (Line)
Info    : [ 40%] Meshing curve 51 (Line)
Info    : [ 40%] Meshing curve 52 (Line)
Info    : [ 40%] Meshing curve 53 (Line)
Info    : [ 40%] Meshing curve 54 (Line)
Info    : [ 40%] Meshing curve 55 (Line)
Info    : [ 40%] Meshing curve 56 (Line)
Info    : [ 40%] Meshing curve 57 (Line)
Info    : [ 40%] Meshing curve 58 (Line)
Info    : [ 40%] Meshing curve 59 (Line)
Info    : [ 40%] Meshing curve 60 (Line)
Info    : [ 40%] Meshing curve 61 (Line)
Info    : [ 40%] Meshing curve 62 (Line)
Info    : [ 40%] Meshing curve 63 (Line)
Info    : [ 40%] Meshing curve 64 (Line)
Info    : [ 40%] Meshing curve 65 (Line)
Info    : [ 40%] Meshing curve 66 (Line)
Info    : [ 50%] Meshing curve 67 (Line)
Info    : [ 50%] Meshing curve 68 (Line)
Info    : [ 50%] Meshing curve 69 (Line)
Info    : [ 50%] Meshing curve 70 (Line)
Info    : [ 50%] Meshing curve 71 (Line)
Info    : [ 50%] Meshing curve 72 (Line)
Info    : [ 50%] Meshing curve 73 (Line)
Info    : [ 50%] Meshing curve 74 (Line)
Info    : [ 50%] Meshing curve 75 (Line)
Info    : [ 50%] Meshing curve 76 (Line)
Info    : [ 50%] Meshing curve 77 (Line)
Info    : [ 50%] Meshing curve 78 (Line)
Info    : [ 50%] Meshing curve 79 (Line)
Info    : [ 50%] Meshing curve 80 (Line)
Info    : [ 50%] Meshing curve 81 (Line)
Info    : [ 50%] Meshing curve 82 (Line)
Info    : [ 60%] Meshing curve 83 (Line)
Info    : [ 60%] Meshing curve 84 (Line)
Info    : [ 60%] Meshing curve 85 (Line)
Info    : [ 60%] Meshing curve 86 (Line)
Info    : [ 60%] Meshing curve 87 (Line)
Info    : [ 60%] Meshing curve 88 (Line)
Info    : [ 60%] Meshing curve 89 (Line)
Info    : [ 60%] Meshing curve 90 (Line)
Info    : [ 60%] Meshing curve 91 (Line)
Info    : [ 60%] Meshing curve 92 (Line)
Info    : [ 60%] Meshing curve 93 (Line)
Info    : [ 60%] Meshing curve 94 (Line)
Info    : [ 60%] Meshing curve 95 (Line)
Info    : [ 60%] Meshing curve 96 (Line)
Info    : [ 60%] Meshing curve 97 (Line)
Info    : [ 60%] Meshing curve 98 (Line)
Info    : [ 70%] Meshing curve 99 (Line)
Info    : [ 70%] Meshing curve 100 (Line)
Info    : [ 70%] Meshing curve 101 (Line)
Info    : [ 70%] Meshing curve 102 (Line)
Info    : [ 70%] Meshing curve 103 (Line)
Info    : [ 70%] Meshing curve 104 (Line)
Info    : [ 70%] Meshing curve 105 (Line)
Info    : [ 70%] Meshing curve 106 (Line)
Info    : [ 70%] Meshing curve 107 (Line)
Info    : [ 70%] Meshing curve 108 (Line)
Info    : [ 70%] Meshing curve 109 (Line)
Info    : [ 70%] Meshing curve 110 (Line)
Info    : [ 70%] Meshing curve 111 (Line)
Info    : [ 70%] Meshing curve 112 (Line)
Info    : [ 70%] Meshing curve 113 (Line)
Info    : [ 70%] Meshing curve 114 (Line)
Info    : [ 70%] Meshing curve 115 (Line)
Info    : [ 80%] Meshing curve 116 (Line)
Info    : [ 80%] Meshing curve 117 (Line)
Info    : [ 80%] Meshing curve 118 (Line)
Info    : [ 80%] Meshing curve 119 (Line)
Info    : [ 80%] Meshing curve 120 (Line)
Info    : [ 80%] Meshing curve 121 (Line)
Info    : [ 80%] Meshing curve 122 (Line)
Info    : [ 80%] Meshing curve 123 (Line)
Info    : [ 80%] Meshing curve 124 (Line)
Info    : [ 80%] Meshing curve 125 (Line)
Info    : [ 80%] Meshing curve 126 (Line)
Info    : [ 80%] Meshing curve 127 (Line)
Info    : [ 80%] Meshing curve 128 (Line)
Info    : [ 80%] Meshing curve 129 (Line)
Info    : [ 80%] Meshing curve 130 (Line)
Info    : [ 80%] Meshing curve 131 (Line)
Info    : [ 90%] Meshing curve 132 (Line)
Info    : [ 90%] Meshing curve 133 (Line)
Info    : [ 90%] Meshing curve 134 (Line)
Info    : [ 90%] Meshing curve 135 (Line)
Info    : [ 90%] Meshing curve 136 (Line)
Info    : [ 90%] Meshing curve 137 (Line)
Info    : [ 90%] Meshing curve 138 (Line)
Info    : [ 90%] Meshing curve 139 (Line)
Info    : [ 90%] Meshing curve 140 (Line)
Info    : [ 90%] Meshing curve 141 (Line)
Info    : [ 90%] Meshing curve 142 (Line)
Info    : [ 90%] Meshing curve 143 (Line)
Info    : [ 90%] Meshing curve 144 (Line)
Info    : [ 90%] Meshing curve 145 (Line)
Info    : [ 90%] Meshing curve 146 (Line)
Info    : [ 90%] Meshing curve 147 (Line)
Info    : [100%] Meshing curve 148 (Line)
Info    : [100%] Meshing curve 149 (Line)
Info    : [100%] Meshing curve 150 (Line)
Info    : [100%] Meshing curve 151 (Line)
Info    : [100%] Meshing curve 152 (Line)
Info    : [100%] Meshing curve 153 (Line)
Info    : [100%] Meshing curve 154 (Line)
Info    : [100%] Meshing curve 155 (Line)
Info    : [100%] Meshing curve 156 (Line)
Info    : [100%] Meshing curve 157 (Line)
Info    : [100%] Meshing curve 158 (Line)
Info    : [100%] Meshing curve 159 (Line)
Info    : [100%] Meshing curve 200001 (Line)
Info    : [100%] Meshing curve 200002 (Line)
Info    : [100%] Meshing curve 200003 (Line)
Info    : [100%] Meshing curve 200004 (Line)
Info    : Done meshing 1D (Wall 0.0141661s, CPU 0s)
Info    : Meshing 2D...
Info    : Meshing surface 1 (Plane, Delaunay)
Info    : Done meshing 2D (Wall 0.00502086s, CPU 0.015625s)
Info    : 222 nodes 607 elements
Info    : Writing 'airfoil.su2'...
Info    : Writing 235 elements and 222 nodes
Info    : Done writing 'airfoil.su2'
Info    : Stopped on Tue May 19 17:23:34 2026 (From start: Wall 0.0567119s, CPU 0.015625s)
