2026-07-31 21:04:23 [INFO] aso_pde_optimizer: ============================================================
2026-07-31 21:04:23 [INFO] aso_pde_optimizer: PDE-Constrained Aerodynamic Shape Optimization
2026-07-31 21:04:23 [INFO] aso_pde_optimizer: Method: mma
2026-07-31 21:04:23 [INFO] aso_pde_optimizer: AoA: 4.0°, Re: 1.0e+05, Mach: 0.1
2026-07-31 21:04:23 [INFO] aso_pde_optimizer: Max iterations: 3
2026-07-31 21:04:23 [INFO] aso_pde_optimizer: ============================================================
2026-07-31 21:04:23 [INFO] aso_pde_optimizer: SU2_CFD: bin\SU2_CFD.exe
2026-07-31 21:04:23 [INFO] aso_pde_optimizer: SU2_DEF: bin\SU2_DEF.exe
2026-07-31 21:04:23 [INFO] aso_pde_optimizer: Mesh: C:\Eshant_Sonhar\airfoil research paper\airfoil generator model\baseline_cfd_run\airfoil.su2
2026-07-31 21:04:25 [INFO] airfoil_discovery.aso.optimizer: === MMA Iteration 1/3 ===
2026-07-31 21:04:25 [INFO] airfoil_discovery.aso.optimizer: Running primal CFD: bin\SU2_CFD.exe, AoA=4.0°, Re=1.0e+05
2026-07-31 21:04:25 [INFO] airfoil_discovery.aso.subprocess_utils: [SU2_CFD primal] Executing: bin\SU2_CFD.exe config_primal.cfg in aso_results_fixed\cfd_cases\eval_1785512065552545600
2026-07-31 21:04:33 [INFO] airfoil_discovery.aso.subprocess_utils: [SU2_CFD primal] Completed in 8.1s (rc=0)
2026-07-31 21:04:33 [INFO] airfoil_discovery.aso.optimizer: SU2 history headers detected: ['Inner_Iter', 'rms[P]', 'rms[U]', 'rms[V]', 'rms[k]', 'rms[w]', 'rms[LM_1]', 'rms[LM_2]', 'RefForce', 'CD', 'CL', 'CSF', 'CMx', 'CMy', 'CMz', 'CFx', 'CFy', 'CFz', 'CEff']
2026-07-31 21:04:33 [INFO] airfoil_discovery.aso.optimizer: Found CL column: 'CL' = -1484.397472
2026-07-31 21:04:33 [INFO] airfoil_discovery.aso.optimizer: Found CD column: 'CD' = 4891.827475
2026-07-31 21:04:33 [WARNING] airfoil_discovery.aso.optimizer: Out-of-range force coefficients detected: CL=-1484.397472, CD=4891.827475
2026-07-31 21:04:33 [INFO] airfoil_discovery.aso.optimizer: Primal CFD: CL=-1484.397472, CD=4891.827475, converged=False
2026-07-31 21:04:33 [INFO] airfoil_discovery.aso.optimizer: Running adjoint CFD: bin\SU2_CFD.exe
2026-07-31 21:04:33 [INFO] airfoil_discovery.aso.subprocess_utils: [SU2_CFD adjoint] Executing: bin\SU2_CFD.exe config_adjoint.cfg in aso_results_fixed\cfd_cases\eval_1785512065552545600
2026-07-31 21:04:34 [INFO] airfoil_discovery.aso.subprocess_utils: [SU2_CFD adjoint] Completed in 1.1s (rc=1)
2026-07-31 21:04:34 [WARNING] airfoil_discovery.aso.optimizer: CFD not converged: Adjoint CFD failed (rc=1): 
2026-07-31 21:04:34 [INFO] airfoil_discovery.aso.optimizer: Running primal CFD: bin\SU2_CFD.exe, AoA=4.0°, Re=1.0e+05
2026-07-31 21:04:34 [INFO] airfoil_discovery.aso.subprocess_utils: [SU2_CFD primal] Executing: bin\SU2_CFD.exe config_primal.cfg in aso_results_fixed\cfd_cases\eval_1785512074769342300
2026-07-31 21:04:42 [INFO] airfoil_discovery.aso.subprocess_utils: [SU2_CFD primal] Completed in 7.7s (rc=0)
2026-07-31 21:04:42 [INFO] airfoil_discovery.aso.optimizer: SU2 history headers detected: ['Inner_Iter', 'rms[P]', 'rms[U]', 'rms[V]', 'rms[k]', 'rms[w]', 'rms[LM_1]', 'rms[LM_2]', 'RefForce', 'CD', 'CL', 'CSF', 'CMx', 'CMy', 'CMz', 'CFx', 'CFy', 'CFz', 'CEff']
2026-07-31 21:04:42 [INFO] airfoil_discovery.aso.optimizer: Found CL column: 'CL' = -1484.397472
2026-07-31 21:04:42 [INFO] airfoil_discovery.aso.optimizer: Found CD column: 'CD' = 4891.827475
2026-07-31 21:04:42 [WARNING] airfoil_discovery.aso.optimizer: Out-of-range force coefficients detected: CL=-1484.397472, CD=4891.827475
2026-07-31 21:04:42 [INFO] airfoil_discovery.aso.optimizer: Primal CFD: CL=-1484.397472, CD=4891.827475, converged=False
2026-07-31 21:04:42 [INFO] airfoil_discovery.aso.optimizer: Running adjoint CFD: bin\SU2_CFD.exe
2026-07-31 21:04:42 [INFO] airfoil_discovery.aso.subprocess_utils: [SU2_CFD adjoint] Executing: bin\SU2_CFD.exe config_adjoint.cfg in aso_results_fixed\cfd_cases\eval_1785512074769342300
2026-07-31 21:04:43 [INFO] airfoil_discovery.aso.subprocess_utils: [SU2_CFD adjoint] Completed in 1.1s (rc=1)
2026-07-31 21:04:43 [WARNING] airfoil_discovery.aso.optimizer: CFD not converged: Adjoint CFD failed (rc=1): 
2026-07-31 21:04:43 [WARNING] airfoil_discovery.aso.optimizer: Baseline CFD did not converge cleanly for finite differences; returning a zero gradient to avoid contaminating the optimizer.
2026-07-31 21:04:43 [WARNING] airfoil_discovery.aso.optimizer: Iter 1: adjoint gradient zero or unavailable (norm=0.000e+00). Computing via finite differences.
2026-07-31 21:04:43 [INFO] airfoil_discovery.aso.optimizer: Running primal CFD: bin\SU2_CFD.exe, AoA=4.0°, Re=1.0e+05
2026-07-31 21:04:43 [INFO] airfoil_discovery.aso.subprocess_utils: [SU2_CFD primal] Executing: bin\SU2_CFD.exe config_primal.cfg in aso_results_fixed\cfd_cases\eval_1785512083569622700
2026-07-31 21:04:51 [INFO] airfoil_discovery.aso.subprocess_utils: [SU2_CFD primal] Completed in 8.0s (rc=0)
2026-07-31 21:04:51 [INFO] airfoil_discovery.aso.optimizer: SU2 history headers detected: ['Inner_Iter', 'rms[P]', 'rms[U]', 'rms[V]', 'rms[k]', 'rms[w]', 'rms[LM_1]', 'rms[LM_2]', 'RefForce', 'CD', 'CL', 'CSF', 'CMx', 'CMy', 'CMz', 'CFx', 'CFy', 'CFz', 'CEff']
2026-07-31 21:04:51 [INFO] airfoil_discovery.aso.optimizer: Found CL column: 'CL' = -1484.397472
2026-07-31 21:04:51 [INFO] airfoil_discovery.aso.optimizer: Found CD column: 'CD' = 4891.827475
2026-07-31 21:04:51 [WARNING] airfoil_discovery.aso.optimizer: Out-of-range force coefficients detected: CL=-1484.397472, CD=4891.827475
2026-07-31 21:04:51 [INFO] airfoil_discovery.aso.optimizer: Primal CFD: CL=-1484.397472, CD=4891.827475, converged=False
2026-07-31 21:04:51 [INFO] airfoil_discovery.aso.optimizer: Running adjoint CFD: bin\SU2_CFD.exe
2026-07-31 21:04:51 [INFO] airfoil_discovery.aso.subprocess_utils: [SU2_CFD adjoint] Executing: bin\SU2_CFD.exe config_adjoint.cfg in aso_results_fixed\cfd_cases\eval_1785512083569622700
2026-07-31 21:04:52 [INFO] airfoil_discovery.aso.subprocess_utils: [SU2_CFD adjoint] Completed in 1.1s (rc=1)
2026-07-31 21:04:52 [WARNING] airfoil_discovery.aso.optimizer: CFD not converged: Adjoint CFD failed (rc=1): 
2026-07-31 21:04:52 [WARNING] airfoil_discovery.aso.optimizer: Baseline CFD did not converge cleanly for finite differences; returning a zero gradient to avoid contaminating the optimizer.
2026-07-31 21:04:52 [WARNING] airfoil_discovery.aso.optimizer: Iter 1: gradient still zero after FD fallback. Backtracking and reducing move limit.
2026-07-31 21:04:52 [INFO] airfoil_discovery.aso.optimizer: === MMA Iteration 2/3 ===
2026-07-31 21:04:52 [INFO] airfoil_discovery.aso.optimizer: Running primal CFD: bin\SU2_CFD.exe, AoA=4.0°, Re=1.0e+05
2026-07-31 21:04:52 [INFO] airfoil_discovery.aso.subprocess_utils: [SU2_CFD primal] Executing: bin\SU2_CFD.exe config_primal.cfg in aso_results_fixed\cfd_cases\eval_1785512092811889200
2026-07-31 21:05:00 [INFO] airfoil_discovery.aso.subprocess_utils: [SU2_CFD primal] Completed in 7.6s (rc=0)
2026-07-31 21:05:00 [INFO] airfoil_discovery.aso.optimizer: SU2 history headers detected: ['Inner_Iter', 'rms[P]', 'rms[U]', 'rms[V]', 'rms[k]', 'rms[w]', 'rms[LM_1]', 'rms[LM_2]', 'RefForce', 'CD', 'CL', 'CSF', 'CMx', 'CMy', 'CMz', 'CFx', 'CFy', 'CFz', 'CEff']
2026-07-31 21:05:00 [INFO] airfoil_discovery.aso.optimizer: Found CL column: 'CL' = -1484.397472
2026-07-31 21:05:00 [INFO] airfoil_discovery.aso.optimizer: Found CD column: 'CD' = 4891.827475
2026-07-31 21:05:00 [WARNING] airfoil_discovery.aso.optimizer: Out-of-range force coefficients detected: CL=-1484.397472, CD=4891.827475
2026-07-31 21:05:00 [INFO] airfoil_discovery.aso.optimizer: Primal CFD: CL=-1484.397472, CD=4891.827475, converged=False
2026-07-31 21:05:00 [INFO] airfoil_discovery.aso.optimizer: Running adjoint CFD: bin\SU2_CFD.exe
2026-07-31 21:05:00 [INFO] airfoil_discovery.aso.subprocess_utils: [SU2_CFD adjoint] Executing: bin\SU2_CFD.exe config_adjoint.cfg in aso_results_fixed\cfd_cases\eval_1785512092811889200
2026-07-31 21:05:01 [INFO] airfoil_discovery.aso.subprocess_utils: [SU2_CFD adjoint] Completed in 1.1s (rc=1)
2026-07-31 21:05:01 [WARNING] airfoil_discovery.aso.optimizer: CFD not converged: Adjoint CFD failed (rc=1): 
2026-07-31 21:05:01 [INFO] airfoil_discovery.aso.optimizer: Running primal CFD: bin\SU2_CFD.exe, AoA=4.0°, Re=1.0e+05
2026-07-31 21:05:01 [INFO] airfoil_discovery.aso.subprocess_utils: [SU2_CFD primal] Executing: bin\SU2_CFD.exe config_primal.cfg in aso_results_fixed\cfd_cases\eval_1785512101530104600
2026-07-31 21:05:09 [INFO] airfoil_discovery.aso.subprocess_utils: [SU2_CFD primal] Completed in 8.0s (rc=0)
2026-07-31 21:05:09 [INFO] airfoil_discovery.aso.optimizer: SU2 history headers detected: ['Inner_Iter', 'rms[P]', 'rms[U]', 'rms[V]', 'rms[k]', 'rms[w]', 'rms[LM_1]', 'rms[LM_2]', 'RefForce', 'CD', 'CL', 'CSF', 'CMx', 'CMy', 'CMz', 'CFx', 'CFy', 'CFz', 'CEff']
2026-07-31 21:05:09 [INFO] airfoil_discovery.aso.optimizer: Found CL column: 'CL' = -1484.397472
2026-07-31 21:05:09 [INFO] airfoil_discovery.aso.optimizer: Found CD column: 'CD' = 4891.827475
2026-07-31 21:05:09 [WARNING] airfoil_discovery.aso.optimizer: Out-of-range force coefficients detected: CL=-1484.397472, CD=4891.827475
2026-07-31 21:05:09 [INFO] airfoil_discovery.aso.optimizer: Primal CFD: CL=-1484.397472, CD=4891.827475, converged=False
2026-07-31 21:05:09 [INFO] airfoil_discovery.aso.optimizer: Running adjoint CFD: bin\SU2_CFD.exe
2026-07-31 21:05:09 [INFO] airfoil_discovery.aso.subprocess_utils: [SU2_CFD adjoint] Executing: bin\SU2_CFD.exe config_adjoint.cfg in aso_results_fixed\cfd_cases\eval_1785512101530104600
2026-07-31 21:05:10 [INFO] airfoil_discovery.aso.subprocess_utils: [SU2_CFD adjoint] Completed in 1.1s (rc=1)
2026-07-31 21:05:10 [WARNING] airfoil_discovery.aso.optimizer: CFD not converged: Adjoint CFD failed (rc=1): 
2026-07-31 21:05:10 [WARNING] airfoil_discovery.aso.optimizer: Baseline CFD did not converge cleanly for finite differences; returning a zero gradient to avoid contaminating the optimizer.
2026-07-31 21:05:10 [WARNING] airfoil_discovery.aso.optimizer: Iter 2: adjoint gradient zero or unavailable (norm=0.000e+00). Computing via finite differences.
2026-07-31 21:05:10 [INFO] airfoil_discovery.aso.optimizer: Running primal CFD: bin\SU2_CFD.exe, AoA=4.0°, Re=1.0e+05
2026-07-31 21:05:10 [INFO] airfoil_discovery.aso.subprocess_utils: [SU2_CFD primal] Executing: bin\SU2_CFD.exe config_primal.cfg in aso_results_fixed\cfd_cases\eval_1785512110584316300
2026-07-31 21:05:18 [INFO] airfoil_discovery.aso.subprocess_utils: [SU2_CFD primal] Completed in 7.8s (rc=0)
2026-07-31 21:05:18 [INFO] airfoil_discovery.aso.optimizer: SU2 history headers detected: ['Inner_Iter', 'rms[P]', 'rms[U]', 'rms[V]', 'rms[k]', 'rms[w]', 'rms[LM_1]', 'rms[LM_2]', 'RefForce', 'CD', 'CL', 'CSF', 'CMx', 'CMy', 'CMz', 'CFx', 'CFy', 'CFz', 'CEff']
2026-07-31 21:05:18 [INFO] airfoil_discovery.aso.optimizer: Found CL column: 'CL' = -1484.397472
2026-07-31 21:05:18 [INFO] airfoil_discovery.aso.optimizer: Found CD column: 'CD' = 4891.827475
2026-07-31 21:05:18 [WARNING] airfoil_discovery.aso.optimizer: Out-of-range force coefficients detected: CL=-1484.397472, CD=4891.827475
2026-07-31 21:05:18 [INFO] airfoil_discovery.aso.optimizer: Primal CFD: CL=-1484.397472, CD=4891.827475, converged=False
2026-07-31 21:05:18 [INFO] airfoil_discovery.aso.optimizer: Running adjoint CFD: bin\SU2_CFD.exe
2026-07-31 21:05:18 [INFO] airfoil_discovery.aso.subprocess_utils: [SU2_CFD adjoint] Executing: bin\SU2_CFD.exe config_adjoint.cfg in aso_results_fixed\cfd_cases\eval_1785512110584316300
2026-07-31 21:05:19 [INFO] airfoil_discovery.aso.subprocess_utils: [SU2_CFD adjoint] Completed in 1.0s (rc=1)
2026-07-31 21:05:19 [WARNING] airfoil_discovery.aso.optimizer: CFD not converged: Adjoint CFD failed (rc=1): 
2026-07-31 21:05:19 [WARNING] airfoil_discovery.aso.optimizer: Baseline CFD did not converge cleanly for finite differences; returning a zero gradient to avoid contaminating the optimizer.
2026-07-31 21:05:19 [WARNING] airfoil_discovery.aso.optimizer: Iter 2: gradient still zero after FD fallback. Backtracking and reducing move limit.
2026-07-31 21:05:19 [INFO] airfoil_discovery.aso.optimizer: === MMA Iteration 3/3 ===
2026-07-31 21:05:19 [INFO] airfoil_discovery.aso.optimizer: Running primal CFD: bin\SU2_CFD.exe, AoA=4.0°, Re=1.0e+05
2026-07-31 21:05:19 [INFO] airfoil_discovery.aso.subprocess_utils: [SU2_CFD primal] Executing: bin\SU2_CFD.exe config_primal.cfg in aso_results_fixed\cfd_cases\eval_1785512119471822900
2026-07-31 21:05:27 [INFO] airfoil_discovery.aso.subprocess_utils: [SU2_CFD primal] Completed in 7.7s (rc=0)
2026-07-31 21:05:27 [INFO] airfoil_discovery.aso.optimizer: SU2 history headers detected: ['Inner_Iter', 'rms[P]', 'rms[U]', 'rms[V]', 'rms[k]', 'rms[w]', 'rms[LM_1]', 'rms[LM_2]', 'RefForce', 'CD', 'CL', 'CSF', 'CMx', 'CMy', 'CMz', 'CFx', 'CFy', 'CFz', 'CEff']
2026-07-31 21:05:27 [INFO] airfoil_discovery.aso.optimizer: Found CL column: 'CL' = -1484.397472
2026-07-31 21:05:27 [INFO] airfoil_discovery.aso.optimizer: Found CD column: 'CD' = 4891.827475
2026-07-31 21:05:27 [WARNING] airfoil_discovery.aso.optimizer: Out-of-range force coefficients detected: CL=-1484.397472, CD=4891.827475
2026-07-31 21:05:27 [INFO] airfoil_discovery.aso.optimizer: Primal CFD: CL=-1484.397472, CD=4891.827475, converged=False
2026-07-31 21:05:27 [INFO] airfoil_discovery.aso.optimizer: Running adjoint CFD: bin\SU2_CFD.exe
2026-07-31 21:05:27 [INFO] airfoil_discovery.aso.subprocess_utils: [SU2_CFD adjoint] Executing: bin\SU2_CFD.exe config_adjoint.cfg in aso_results_fixed\cfd_cases\eval_1785512119471822900
2026-07-31 21:05:28 [INFO] airfoil_discovery.aso.subprocess_utils: [SU2_CFD adjoint] Completed in 1.1s (rc=1)
2026-07-31 21:05:28 [WARNING] airfoil_discovery.aso.optimizer: CFD not converged: Adjoint CFD failed (rc=1): 
2026-07-31 21:05:28 [INFO] airfoil_discovery.aso.optimizer: Running primal CFD: bin\SU2_CFD.exe, AoA=4.0°, Re=1.0e+05
2026-07-31 21:05:28 [INFO] airfoil_discovery.aso.subprocess_utils: [SU2_CFD primal] Executing: bin\SU2_CFD.exe config_primal.cfg in aso_results_fixed\cfd_cases\eval_1785512128299058700
2026-07-31 21:05:35 [INFO] airfoil_discovery.aso.subprocess_utils: [SU2_CFD primal] Completed in 7.5s (rc=0)
2026-07-31 21:05:35 [INFO] airfoil_discovery.aso.optimizer: SU2 history headers detected: ['Inner_Iter', 'rms[P]', 'rms[U]', 'rms[V]', 'rms[k]', 'rms[w]', 'rms[LM_1]', 'rms[LM_2]', 'RefForce', 'CD', 'CL', 'CSF', 'CMx', 'CMy', 'CMz', 'CFx', 'CFy', 'CFz', 'CEff']
2026-07-31 21:05:35 [INFO] airfoil_discovery.aso.optimizer: Found CL column: 'CL' = -1484.397472
2026-07-31 21:05:35 [INFO] airfoil_discovery.aso.optimizer: Found CD column: 'CD' = 4891.827475
2026-07-31 21:05:35 [WARNING] airfoil_discovery.aso.optimizer: Out-of-range force coefficients detected: CL=-1484.397472, CD=4891.827475
2026-07-31 21:05:35 [INFO] airfoil_discovery.aso.optimizer: Primal CFD: CL=-1484.397472, CD=4891.827475, converged=False
2026-07-31 21:05:35 [INFO] airfoil_discovery.aso.optimizer: Running adjoint CFD: bin\SU2_CFD.exe
2026-07-31 21:05:35 [INFO] airfoil_discovery.aso.subprocess_utils: [SU2_CFD adjoint] Executing: bin\SU2_CFD.exe config_adjoint.cfg in aso_results_fixed\cfd_cases\eval_1785512128299058700
2026-07-31 21:05:36 [INFO] airfoil_discovery.aso.subprocess_utils: [SU2_CFD adjoint] Completed in 1.1s (rc=1)
2026-07-31 21:05:36 [WARNING] airfoil_discovery.aso.optimizer: CFD not converged: Adjoint CFD failed (rc=1): 
2026-07-31 21:05:36 [WARNING] airfoil_discovery.aso.optimizer: Baseline CFD did not converge cleanly for finite differences; returning a zero gradient to avoid contaminating the optimizer.
2026-07-31 21:05:36 [WARNING] airfoil_discovery.aso.optimizer: Iter 3: adjoint gradient zero or unavailable (norm=0.000e+00). Computing via finite differences.
2026-07-31 21:05:36 [INFO] airfoil_discovery.aso.optimizer: Running primal CFD: bin\SU2_CFD.exe, AoA=4.0°, Re=1.0e+05
2026-07-31 21:05:36 [INFO] airfoil_discovery.aso.subprocess_utils: [SU2_CFD primal] Executing: bin\SU2_CFD.exe config_primal.cfg in aso_results_fixed\cfd_cases\eval_1785512136899785000
2026-07-31 21:05:44 [INFO] airfoil_discovery.aso.subprocess_utils: [SU2_CFD primal] Completed in 7.8s (rc=0)
2026-07-31 21:05:44 [INFO] airfoil_discovery.aso.optimizer: SU2 history headers detected: ['Inner_Iter', 'rms[P]', 'rms[U]', 'rms[V]', 'rms[k]', 'rms[w]', 'rms[LM_1]', 'rms[LM_2]', 'RefForce', 'CD', 'CL', 'CSF', 'CMx', 'CMy', 'CMz', 'CFx', 'CFy', 'CFz', 'CEff']
2026-07-31 21:05:44 [INFO] airfoil_discovery.aso.optimizer: Found CL column: 'CL' = -1484.397472
2026-07-31 21:05:44 [INFO] airfoil_discovery.aso.optimizer: Found CD column: 'CD' = 4891.827475
2026-07-31 21:05:44 [WARNING] airfoil_discovery.aso.optimizer: Out-of-range force coefficients detected: CL=-1484.397472, CD=4891.827475
2026-07-31 21:05:44 [INFO] airfoil_discovery.aso.optimizer: Primal CFD: CL=-1484.397472, CD=4891.827475, converged=False
2026-07-31 21:05:44 [INFO] airfoil_discovery.aso.optimizer: Running adjoint CFD: bin\SU2_CFD.exe
2026-07-31 21:05:44 [INFO] airfoil_discovery.aso.subprocess_utils: [SU2_CFD adjoint] Executing: bin\SU2_CFD.exe config_adjoint.cfg in aso_results_fixed\cfd_cases\eval_1785512136899785000
2026-07-31 21:05:45 [INFO] airfoil_discovery.aso.subprocess_utils: [SU2_CFD adjoint] Completed in 1.1s (rc=1)
2026-07-31 21:05:45 [WARNING] airfoil_discovery.aso.optimizer: CFD not converged: Adjoint CFD failed (rc=1): 
2026-07-31 21:05:45 [WARNING] airfoil_discovery.aso.optimizer: Baseline CFD did not converge cleanly for finite differences; returning a zero gradient to avoid contaminating the optimizer.
2026-07-31 21:05:45 [WARNING] airfoil_discovery.aso.optimizer: Iter 3: gradient still zero after FD fallback. Backtracking and reducing move limit.
2026-07-31 21:05:45 [INFO] airfoil_discovery.aso.optimizer: Results saved to aso_results_fixed
2026-07-31 21:05:45 [INFO] aso_pde_optimizer: ============================================================
2026-07-31 21:05:45 [INFO] aso_pde_optimizer: Optimization Complete
2026-07-31 21:05:45 [INFO] aso_pde_optimizer: Time elapsed: 82.1 seconds (1.4 minutes)
2026-07-31 21:05:45 [INFO] aso_pde_optimizer: Total iterations: 0
2026-07-31 21:05:45 [INFO] aso_pde_optimizer: Converged: False
2026-07-31 21:05:45 [INFO] aso_pde_optimizer: Results saved to: C:\Eshant_Sonhar\airfoil research paper\airfoil generator model\aso_results_fixed
2026-07-31 21:05:45 [INFO] aso_pde_optimizer: ============================================================
